Component: ARM Compiler 5.05 update 2 (build 169) Tool: armlink [4d0f33]

==============================================================================

Section Cross References

    debug.o(.text) refers to queue.o(.text) for xQueueGenericCreate
    debug.o(.text) refers to port.o(.text) for vPortEnterCritical
    debug.o(.text) refers to stm32f4xx_usart.o(.text) for USART_GetFlagStatus
    debug.o(.text) refers to mems.o(.text) for vSetMemsDump
    debug.o(.text) refers to stm32f4xx_pwr.o(.text) for PWR_GetFlagStatus
    debug.o(.text) refers to stm32f4xx_rcc.o(.text) for RCC_GetFlagStatus
    debug.o(.text) refers to debug.o(.data) for .data
    main.o(.text) refers to stm32f4_discovery.o(.text) for STM_EVAL_LEDToggle
    main.o(.text) refers to tasks.o(.text) for vTaskDelay
    main.o(.text) refers to utils.o(.text) for HwInit
    main.o(.text) refers to debug.o(.text) for vDebugInitQueue
    main.o(.text) refers to port.o(.emb_text) for vPortSetInterruptMask
    main.o(.text) refers to main.o(.bss) for .bss
    main.o(.text) refers to main.o(.data) for .data
    mems.o(.text) refers to stm32f4_discovery_lis302dl.o(.text) for LIS302DL_Init
    mems.o(.text) refers to tasks.o(.text) for vTaskDelay
    mems.o(.text) refers to utils.o(.text) for ptopwm
    mems.o(.text) refers to debug.o(.text) for vDebugPrintf
    mems.o(.text) refers to port.o(.emb_text) for vPortSetInterruptMask
    mems.o(.text) refers to mems.o(.data) for .data
    croutine.o(.text) refers to heap_1.o(.text) for pvPortMalloc
    croutine.o(.text) refers to list.o(.text) for vListInitialise
    croutine.o(.text) refers to tasks.o(.text) for xTaskGetTickCount
    croutine.o(.text) refers to port.o(.emb_text) for vPortSetInterruptMask
    croutine.o(.text) refers to croutine.o(.data) for .data
    croutine.o(.text) refers to croutine.o(.bss) for .bss
    queue.o(.text) refers to heap_1.o(.text) for pvPortMalloc
    queue.o(.text) refers to list.o(.text) for vListInitialise
    queue.o(.text) refers to port.o(.emb_text) for vPortSetInterruptMask
    queue.o(.text) refers to port.o(.text) for vPortEnterCritical
    queue.o(.text) refers to tasks.o(.text) for xTaskRemoveFromEventList
    queue.o(.text) refers to memcpya.o(.text) for __aeabi_memcpy
    queue.o(.text) refers to queue.o(.bss) for .bss
    tasks.o(.text) refers to port.o(.emb_text) for vPortSetInterruptMask
    tasks.o(.text) refers to heap_1.o(.text) for pvPortMalloc
    tasks.o(.text) refers to memseta.o(.text) for __aeabi_memset
    tasks.o(.text) refers to strncpy.o(.text) for strncpy
    tasks.o(.text) refers to list.o(.text) for vListInitialiseItem
    tasks.o(.text) refers to port.o(.text) for pxPortInitialiseStack
    tasks.o(.text) refers to main.o(.text) for vApplicationTickHook
    tasks.o(.text) refers to tasks.o(.data) for .data
    tasks.o(.text) refers to tasks.o(.bss) for .bss
    tasks.o(.text) refers to timers.o(.text) for xTimerCreateTimerTask
    tasks.o(.text) refers to printf3.o(i.__0sprintf$3) for __2sprintf
    tasks.o(.text) refers to strcat.o(.text) for strcat
    timers.o(.text) refers to list.o(.text) for vListInsert
    timers.o(.text) refers to queue.o(.text) for xQueueGenericSendFromISR
    timers.o(.text) refers to tasks.o(.text) for xTaskGetSchedulerState
    timers.o(.text) refers to port.o(.text) for vPortEnterCritical
    timers.o(.text) refers to port.o(.emb_text) for vPortSetInterruptMask
    timers.o(.text) refers to heap_1.o(.text) for pvPortMalloc
    timers.o(.text) refers to timers.o(.data) for .data
    timers.o(.text) refers to timers.o(.bss) for .bss
    port.o(.emb_text) refers to tasks.o(.text) for vTaskSwitchContext
    port.o(.emb_text) refers to tasks.o(.data) for pxCurrentTCB
    port.o(.text) refers to port.o(.emb_text) for __asm___6_port_c_39a90d8d__prvEnableVFP
    port.o(.text) refers to tasks.o(.text) for vTaskIncrementTick
    port.o(.text) refers to system_stm32f4xx.o(.data) for SystemCoreClock
    port.o(.text) refers to port.o(.data) for .data
    heap_1.o(.text) refers to tasks.o(.text) for vTaskSuspendAll
    heap_1.o(.text) refers to main.o(.text) for vApplicationMallocFailedHook
    heap_1.o(.text) refers to heap_1.o(.data) for .data
    heap_1.o(.text) refers to heap_1.o(.bss) for .bss
    stm32f4xx_adc.o(.text) refers to stm32f4xx_rcc.o(.text) for RCC_APB2PeriphResetCmd
    stm32f4xx_can.o(.text) refers to stm32f4xx_rcc.o(.text) for RCC_APB1PeriphResetCmd
    stm32f4xx_cryp.o(.text) refers to stm32f4xx_rcc.o(.text) for RCC_AHB2PeriphResetCmd
    stm32f4xx_cryp_aes.o(.text) refers to stm32f4xx_cryp.o(.text) for CRYP_KeyStructInit
    stm32f4xx_cryp_des.o(.text) refers to stm32f4xx_cryp.o(.text) for CRYP_KeyStructInit
    stm32f4xx_cryp_tdes.o(.text) refers to stm32f4xx_cryp.o(.text) for CRYP_KeyStructInit
    stm32f4xx_dac.o(.text) refers to stm32f4xx_rcc.o(.text) for RCC_APB1PeriphResetCmd
    stm32f4xx_gpio.o(.text) refers to stm32f4xx_rcc.o(.text) for RCC_AHB1PeriphResetCmd
[...]
    printf8.o(i.__0vsnprintf$8) refers to printf8.o(i._printf_core) for _printf_core
    printf8.o(i.__0vsnprintf$8) refers to printf8.o(i._snputc) for _snputc
    printf8.o(i.__0vsprintf$8) refers to printf8.o(i._printf_core) for _printf_core
    printf8.o(i.__0vsprintf$8) refers to printf8.o(i._sputc) for _sputc
    printf8.o(i._printf_core) refers to printf8.o(i._printf_pre_padding) for _printf_pre_padding
    printf8.o(i._printf_core) refers to uldiv.o(.text) for __aeabi_uldivmod
    printf8.o(i._printf_core) refers to printf8.o(i._printf_post_padding) for _printf_post_padding
    printfa.o(i.__0fprintf) refers (Special) to iusefp.o(.text) for __I$use$fp
    printfa.o(i.__0fprintf) refers to printfa.o(i._printf_core) for _printf_core
    printfa.o(i.__0fprintf) refers to fputc.o(i.fputc) for fputc
    printfa.o(i.__0printf) refers (Special) to iusefp.o(.text) for __I$use$fp
    printfa.o(i.__0printf) refers to printfa.o(i._printf_core) for _printf_core
    printfa.o(i.__0printf) refers to fputc.o(i.fputc) for fputc
    printfa.o(i.__0printf) refers to stdout.o(.data) for __stdout
    printfa.o(i.__0snprintf) refers (Special) to iusefp.o(.text) for __I$use$fp
    printfa.o(i.__0snprintf) refers to printfa.o(i._printf_core) for _printf_core
    printfa.o(i.__0snprintf) refers to printfa.o(i._snputc) for _snputc
    printfa.o(i.__0sprintf) refers (Special) to iusefp.o(.text) for __I$use$fp
    printfa.o(i.__0sprintf) refers to printfa.o(i._printf_core) for _printf_core
    printfa.o(i.__0sprintf) refers to printfa.o(i._sputc) for _sputc
    printfa.o(i.__0vfprintf) refers (Special) to iusefp.o(.text) for __I$use$fp
    printfa.o(i.__0vfprintf) refers to printfa.o(i._printf_core) for _printf_core
    printfa.o(i.__0vfprintf) refers to fputc.o(i.fputc) for fputc
    printfa.o(i.__0vprintf) refers (Special) to iusefp.o(.text) for __I$use$fp
    printfa.o(i.__0vprintf) refers to printfa.o(i._printf_core) for _printf_core
    printfa.o(i.__0vprintf) refers to fputc.o(i.fputc) for fputc
    printfa.o(i.__0vprintf) refers to stdout.o(.data) for __stdout
    printfa.o(i.__0vsnprintf) refers (Special) to iusefp.o(.text) for __I$use$fp
    printfa.o(i.__0vsnprintf) refers to printfa.o(i._printf_core) for _printf_core
    printfa.o(i.__0vsnprintf) refers to printfa.o(i._snputc) for _snputc
    printfa.o(i.__0vsprintf) refers (Special) to iusefp.o(.text) for __I$use$fp
    printfa.o(i.__0vsprintf) refers to printfa.o(i._printf_core) for _printf_core
    printfa.o(i.__0vsprintf) refers to printfa.o(i._sputc) for _sputc
    printfa.o(i._fp_digits) refers (Special) to iusefp.o(.text) for __I$use$fp
    printfa.o(i._fp_digits) refers to dmul.o(.text) for __aeabi_dmul
    printfa.o(i._fp_digits) refers to ddiv.o(.text) for __aeabi_ddiv
    printfa.o(i._fp_digits) refers to cdrcmple.o(.text) for __aeabi_cdrcmple
    printfa.o(i._fp_digits) refers to dadd.o(.text) for __aeabi_dadd
    printfa.o(i._fp_digits) refers to dfixul.o(.text) for __aeabi_d2ulz
    printfa.o(i._fp_digits) refers to uldiv.o(.text) for __aeabi_uldivmod
    printfa.o(i._printf_core) refers (Special) to iusefp.o(.text) for __I$use$fp
    printfa.o(i._printf_core) refers to printfa.o(i._printf_pre_padding) for _printf_pre_padding
    printfa.o(i._printf_core) refers to uldiv.o(.text) for __aeabi_uldivmod
    printfa.o(i._printf_core) refers to printfa.o(i._printf_post_padding) for _printf_post_padding
    printfa.o(i._printf_core) refers to printfa.o(i._fp_digits) for _fp_digits
    printfa.o(i._printf_core) refers to uidiv.o(.text) for __aeabi_uidivmod
    printfa.o(i._printf_post_padding) refers (Special) to iusefp.o(.text) for __I$use$fp
    printfa.o(i._printf_pre_padding) refers (Special) to iusefp.o(.text) for __I$use$fp
    printfa.o(i._snputc) refers (Special) to iusefp.o(.text) for __I$use$fp
    printfa.o(i._sputc) refers (Special) to iusefp.o(.text) for __I$use$fp
    entry2.o(.ARM.Collect$$$$00000001) refers to entry2.o(.ARM.Collect$$$$00002712) for __lit__00000000
    entry2.o(.ARM.Collect$$$$00002712) refers to startup_stm32f4xx.o(STACK) for __initial_sp
    entry2.o(__vectab_stack_and_reset_area) refers to startup_stm32f4xx.o(STACK) for __initial_sp
    entry2.o(__vectab_stack_and_reset_area) refers to entry.o(.ARM.Collect$$$$00000000) for __main
    entry5.o(.ARM.Collect$$$$00000004) refers to init.o(.text) for __scatterload
    entry9a.o(.ARM.Collect$$$$0000000B) refers to main.o(.text) for main
    entry9b.o(.ARM.Collect$$$$0000000C) refers to main.o(.text) for main
    fputc.o(i.fputc) refers (Special) to iusesemip.o(.text) for __I$use$semihosting$fputc
    fputc.o(i.fputc) refers (Special) to semi.o(.text) for __semihosting_library_function
    uldiv.o(.text) refers to llushr.o(.text) for __aeabi_llsr
    uldiv.o(.text) refers to llshl.o(.text) for __aeabi_llsl
    dadd.o(.text) refers to llshl.o(.text) for __aeabi_llsl
    dadd.o(.text) refers to llsshr.o(.text) for __aeabi_lasr
    dadd.o(.text) refers to depilogue.o(.text) for _double_epilogue
    dmul.o(.text) refers to depilogue.o(.text) for _double_epilogue
    ddiv.o(.text) refers to depilogue.o(.text) for _double_round
    dfixul.o(.text) refers to llushr.o(.text) for __aeabi_llsr
    dfixul.o(.text) refers to llshl.o(.text) for __aeabi_llsl
    init.o(.text) refers to entry5.o(.ARM.Collect$$$$00000004) for __main_after_scatterload
    depilogue.o(.text) refers to llshl.o(.text) for __aeabi_llsl
    depilogue.o(.text) refers to llushr.o(.text) for __aeabi_llsr


==============================================================================

Removing Unused input sections from the image.

    Removing debug.o(.emb_text), (8 bytes).
    Removing main.o(.emb_text), (8 bytes).
    Removing main.o(.data), (2 bytes).
    Removing main.o(.data), (4 bytes).
    Removing main.o(.data), (4 bytes).
    Removing main.o(.data), (4 bytes).
    Removing mems.o(.emb_text), (8 bytes).
    Removing croutine.o(.emb_text), (8 bytes).
    Removing croutine.o(.text), (548 bytes).
    Removing croutine.o(.bss), (100 bytes).
    Removing croutine.o(.data), (28 bytes).
    Removing list.o(.emb_text), (8 bytes).
    Removing queue.o(.emb_text), (8 bytes).
    Removing tasks.o(.emb_text), (8 bytes).
    Removing timers.o(.emb_text), (8 bytes).
    Removing heap_1.o(.emb_text), (8 bytes).
    Removing misc.o(.emb_text), (8 bytes).
    Removing stm32f4xx_adc.o(.emb_text), (8 bytes).
    Removing stm32f4xx_adc.o(.text), (852 bytes).
    Removing stm32f4xx_can.o(.emb_text), (8 bytes).
    Removing stm32f4xx_can.o(.text), (1800 bytes).
    Removing stm32f4xx_crc.o(.emb_text), (8 bytes).
    Removing stm32f4xx_crc.o(.text), (64 bytes).
    Removing stm32f4xx_cryp.o(.emb_text), (8 bytes).
    Removing stm32f4xx_cryp.o(.text), (544 bytes).
    Removing stm32f4xx_cryp_aes.o(.emb_text), (8 bytes).
    Removing stm32f4xx_cryp_aes.o(.text), (1244 bytes).
    Removing stm32f4xx_cryp_des.o(.emb_text), (8 bytes).
    Removing stm32f4xx_cryp_des.o(.text), (424 bytes).
    Removing stm32f4xx_cryp_tdes.o(.emb_text), (8 bytes).
    Removing stm32f4xx_cryp_tdes.o(.text), (470 bytes).
    Removing stm32f4xx_dac.o(.emb_text), (8 bytes).
    Removing stm32f4xx_dac.o(.text), (340 bytes).
    Removing stm32f4xx_dbgmcu.o(.emb_text), (8 bytes).
    Removing stm32f4xx_dbgmcu.o(.text), (76 bytes).
    Removing stm32f4xx_dcmi.o(.emb_text), (8 bytes).
    Removing stm32f4xx_dcmi.o(.text), (312 bytes).
    Removing stm32f4xx_dma.o(.emb_text), (8 bytes).
    Removing stm32f4xx_dma.o(.text), (800 bytes).
    Removing stm32f4xx_exti.o(.emb_text), (8 bytes).
    Removing stm32f4xx_flash.o(.emb_text), (8 bytes).
    Removing stm32f4xx_flash.o(.text), (916 bytes).
    Removing stm32f4xx_fsmc.o(.emb_text), (8 bytes).
    Removing stm32f4xx_fsmc.o(.text), (1148 bytes).
    Removing stm32f4xx_gpio.o(.emb_text), (8 bytes).
    Removing stm32f4xx_hash.o(.emb_text), (8 bytes).
    Removing stm32f4xx_hash.o(.text), (440 bytes).
    Removing stm32f4xx_hash_md5.o(.emb_text), (8 bytes).
    Removing stm32f4xx_hash_md5.o(.text), (478 bytes).
    Removing stm32f4xx_hash_sha1.o(.emb_text), (8 bytes).
    Removing stm32f4xx_hash_sha1.o(.text), (488 bytes).
    Removing stm32f4xx_i2c.o(.emb_text), (8 bytes).
    Removing stm32f4xx_i2c.o(.text), (828 bytes).
    Removing stm32f4xx_iwdg.o(.emb_text), (8 bytes).
    Removing stm32f4xx_iwdg.o(.text), (60 bytes).
    Removing stm32f4xx_pwr.o(.emb_text), (8 bytes).
    Removing stm32f4xx_rcc.o(.emb_text), (8 bytes).
    Removing stm32f4xx_rng.o(.emb_text), (8 bytes).
    Removing stm32f4xx_rng.o(.text), (140 bytes).
    Removing stm32f4xx_rtc.o(.emb_text), (8 bytes).
    Removing stm32f4xx_rtc.o(.text), (2592 bytes).
    Removing stm32f4xx_sdio.o(.emb_text), (8 bytes).
    Removing stm32f4xx_sdio.o(.text), (440 bytes).
    Removing stm32f4xx_spi.o(.emb_text), (8 bytes).
    Removing stm32f4xx_syscfg.o(.emb_text), (8 bytes).
    Removing stm32f4xx_tim.o(.emb_text), (8 bytes).
    Removing stm32f4xx_tim.o(.text), (2524 bytes).
    Removing stm32f4xx_usart.o(.emb_text), (8 bytes).
    Removing stm32f4xx_wwdg.o(.emb_text), (8 bytes).
    Removing stm32f4xx_wwdg.o(.text), (128 bytes).
    Removing stm32f4_discovery_lis302dl.o(.emb_text), (8 bytes).
    Removing stm32f4xx_it.o(.emb_text), (8 bytes).
    Removing utils.o(.emb_text), (8 bytes).
    Removing utils.o(.bss), (32 bytes).
    Removing utils.o(.data), (10 bytes).
    Removing system_stm32f4xx.o(.emb_text), (8 bytes).
    Removing startup_stm32f4xx.o(HEAP), (512 bytes).
    Removing stm32f4_discovery.o(.emb_text), (8 bytes).
    Removing stm32f4_discovery.o(.data), (4 bytes).
    Removing dadd.o(.text), (334 bytes).
    Removing dmul.o(.text), (228 bytes).
    Removing ddiv.o(.text), (222 bytes).
    Removing dfixul.o(.text), (48 bytes).
    Removing cdrcmple.o(.text), (48 bytes).
    Removing depilogue.o(.text), (186 bytes).

85 unused section(s) (total 19782 bytes) removed from the image.

==============================================================================

Image Symbol Table

    Local Symbols

    Symbol Name                              Value     Ov Type        Size  Object(Section)

    ../clib/microlib/division.c              0x00000000   Number         0  uldiv.o ABSOLUTE
    ../clib/microlib/division.c              0x00000000   Number         0  uidiv.o ABSOLUTE
    ../clib/microlib/init/entry.s            0x00000000   Number         0  entry10a.o ABSOLUTE
    ../clib/microlib/init/entry.s            0x00000000   Number         0  entry.o ABSOLUTE
    ../clib/microlib/init/entry.s            0x00000000   Number         0  entry8a.o ABSOLUTE
    ../clib/microlib/init/entry.s            0x00000000   Number         0  entry2.o ABSOLUTE
    ../clib/microlib/init/entry.s            0x00000000   Number         0  entry9b.o ABSOLUTE
    ../clib/microlib/init/entry.s            0x00000000   Number         0  entry11b.o ABSOLUTE
    ../clib/microlib/init/entry.s            0x00000000   Number         0  entry5.o ABSOLUTE
    ../clib/microlib/init/entry.s            0x00000000   Number         0  entry7a.o ABSOLUTE
    ../clib/microlib/init/entry.s            0x00000000   Number         0  entry7b.o ABSOLUTE
    ../clib/microlib/init/entry.s            0x00000000   Number         0  entry11a.o ABSOLUTE
    ../clib/microlib/init/entry.s            0x00000000   Number         0  entry8b.o ABSOLUTE
    ../clib/microlib/init/entry.s            0x00000000   Number         0  entry9a.o ABSOLUTE
    ../clib/microlib/init/entry.s            0x00000000   Number         0  entry10b.o ABSOLUTE
    ../clib/microlib/longlong.c              0x00000000   Number         0  llsshr.o ABSOLUTE
    ../clib/microlib/longlong.c              0x00000000   Number         0  llushr.o ABSOLUTE
    ../clib/microlib/longlong.c              0x00000000   Number         0  llshl.o ABSOLUTE
    ../clib/microlib/printf/printf.c         0x00000000   Number         0  printf2.o ABSOLUTE
    ../clib/microlib/printf/printf.c         0x00000000   Number         0  printf1.o ABSOLUTE
    ../clib/microlib/printf/printf.c         0x00000000   Number         0  printf0.o ABSOLUTE
    ../clib/microlib/printf/printf.c         0x00000000   Number         0  printf6.o ABSOLUTE
    ../clib/microlib/printf/printf.c         0x00000000   Number         0  printf4.o ABSOLUTE
    ../clib/microlib/printf/printf.c         0x00000000   Number         0  printfb.o ABSOLUTE
    ../clib/microlib/printf/printf.c         0x00000000   Number         0  printf5.o ABSOLUTE
    ../clib/microlib/printf/printf.c         0x00000000   Number         0  printfa.o ABSOLUTE
    ../clib/microlib/printf/printf.c         0x00000000   Number         0  printf8.o ABSOLUTE
    ../clib/microlib/printf/printf.c         0x00000000   Number         0  printf7.o ABSOLUTE
    ../clib/microlib/printf/printf.c         0x00000000   Number         0  printf3.o ABSOLUTE
    ../clib/microlib/printf/stubs.s          0x00000000   Number         0  stubs.o ABSOLUTE
    ../clib/microlib/stdio/fputc.c           0x00000000   Number         0  fputc.o ABSOLUTE
    ../clib/microlib/stdio/semi.s            0x00000000   Number         0  semi.o ABSOLUTE
    ../clib/microlib/stdio/streams.c         0x00000000   Number         0  stdout.o ABSOLUTE
    ../clib/microlib/string/memcpy.c         0x00000000   Number         0  memcpyb.o ABSOLUTE
    ../clib/microlib/string/memcpy.c         0x00000000   Number         0  memcpya.o ABSOLUTE
    ../clib/microlib/string/memset.c         0x00000000   Number         0  memseta.o ABSOLUTE
    ../clib/microlib/string/strcat.c         0x00000000   Number         0  strcat.o ABSOLUTE
    ../clib/microlib/string/strncpy.c        0x00000000   Number         0  strncpy.o ABSOLUTE
    ../clib/microlib/stubs.s                 0x00000000   Number         0  iusefp.o ABSOLUTE
    ../clib/microlib/stubs.s                 0x00000000   Number         0  iusesemip.o ABSOLUTE
    ../fplib/microlib/fpadd.c                0x00000000   Number         0  dadd.o ABSOLUTE
    ../fplib/microlib/fpdiv.c                0x00000000   Number         0  ddiv.o ABSOLUTE
    ../fplib/microlib/fpepilogue.c           0x00000000   Number         0  depilogue.o ABSOLUTE
    ../fplib/microlib/fpfix.c                0x00000000   Number         0  dfixul.o ABSOLUTE
    ../fplib/microlib/fpmul.c                0x00000000   Number         0  dmul.o ABSOLUTE
    ..\Libraries\STM32F4xx_StdPeriph_Driver\src\misc.c 0x00000000   Number         0  misc.o ABSOLUTE
    ..\Libraries\STM32F4xx_StdPeriph_Driver\src\stm32f4_discovery.c 0x00000000   Number         0  stm32f4_discovery.o ABSOLUTE
    ..\Libraries\STM32F4xx_StdPeriph_Driver\src\stm32f4xx_adc.c 0x00000000   Number         0  stm32f4xx_adc.o ABSOLUTE
    ..\Libraries\STM32F4xx_StdPeriph_Driver\src\stm32f4xx_can.c 0x00000000   Number         0  stm32f4xx_can.o ABSOLUTE
    ..\Libraries\STM32F4xx_StdPeriph_Driver\src\stm32f4xx_crc.c 0x00000000   Number         0  stm32f4xx_crc.o ABSOLUTE
    ..\Libraries\STM32F4xx_StdPeriph_Driver\src\stm32f4xx_cryp.c 0x00000000   Number         0  stm32f4xx_cryp.o ABSOLUTE
    ..\Libraries\STM32F4xx_StdPeriph_Driver\src\stm32f4xx_cryp_aes.c 0x00000000   Number         0  stm32f4xx_cryp_aes.o ABSOLUTE
    ..\Libraries\STM32F4xx_StdPeriph_Driver\src\stm32f4xx_cryp_des.c 0x00000000   Number         0  stm32f4xx_cryp_des.o ABSOLUTE
    ..\Libraries\STM32F4xx_StdPeriph_Driver\src\stm32f4xx_cryp_tdes.c 0x00000000   Number         0  stm32f4xx_cryp_tdes.o ABSOLUTE
    ..\Libraries\STM32F4xx_StdPeriph_Driver\src\stm32f4xx_dac.c 0x00000000   Number         0  stm32f4xx_dac.o ABSOLUTE
    ..\Libraries\STM32F4xx_StdPeriph_Driver\src\stm32f4xx_dbgmcu.c 0x00000000   Number         0  stm32f4xx_dbgmcu.o ABSOLUTE
    ..\Libraries\STM32F4xx_StdPeriph_Driver\src\stm32f4xx_dcmi.c 0x00000000   Number         0  stm32f4xx_dcmi.o ABSOLUTE
    ..\Libraries\STM32F4xx_StdPeriph_Driver\src\stm32f4xx_dma.c 0x00000000   Number         0  stm32f4xx_dma.o ABSOLUTE
    ..\Libraries\STM32F4xx_StdPeriph_Driver\src\stm32f4xx_exti.c 0x00000000   Number         0  stm32f4xx_exti.o ABSOLUTE
    ..\Libraries\STM32F4xx_StdPeriph_Driver\src\stm32f4xx_flash.c 0x00000000   Number         0  stm32f4xx_flash.o ABSOLUTE
    ..\Libraries\STM32F4xx_StdPeriph_Driver\src\stm32f4xx_fsmc.c 0x00000000   Number         0  stm32f4xx_fsmc.o ABSOLUTE
    ..\Libraries\STM32F4xx_StdPeriph_Driver\src\stm32f4xx_gpio.c 0x00000000   Number         0  stm32f4xx_gpio.o ABSOLUTE
    ..\Libraries\STM32F4xx_StdPeriph_Driver\src\stm32f4xx_hash.c 0x00000000   Number         0  stm32f4xx_hash.o ABSOLUTE
    ..\Libraries\STM32F4xx_StdPeriph_Driver\src\stm32f4xx_hash_md5.c 0x00000000   Number         0  stm32f4xx_hash_md5.o ABSOLUTE
    ..\Libraries\STM32F4xx_StdPeriph_Driver\src\stm32f4xx_hash_sha1.c 0x00000000   Number         0  stm32f4xx_hash_sha1.o ABSOLUTE
    ..\Libraries\STM32F4xx_StdPeriph_Driver\src\stm32f4xx_i2c.c 0x00000000   Number         0  stm32f4xx_i2c.o ABSOLUTE
    ..\Libraries\STM32F4xx_StdPeriph_Driver\src\stm32f4xx_iwdg.c 0x00000000   Number         0  stm32f4xx_iwdg.o ABSOLUTE
    ..\Libraries\STM32F4xx_StdPeriph_Driver\src\stm32f4xx_pwr.c 0x00000000   Number         0  stm32f4xx_pwr.o ABSOLUTE
    ..\Libraries\STM32F4xx_StdPeriph_Driver\src\stm32f4xx_rcc.c 0x00000000   Number         0  stm32f4xx_rcc.o ABSOLUTE
    ..\Libraries\STM32F4xx_StdPeriph_Driver\src\stm32f4xx_rng.c 0x00000000   Number         0  stm32f4xx_rng.o ABSOLUTE
    ..\Libraries\STM32F4xx_StdPeriph_Driver\src\stm32f4xx_rtc.c 0x00000000   Number         0  stm32f4xx_rtc.o ABSOLUTE
    ..\Libraries\STM32F4xx_StdPeriph_Driver\src\stm32f4xx_sdio.c 0x00000000   Number         0  stm32f4xx_sdio.o ABSOLUTE
    ..\Libraries\STM32F4xx_StdPeriph_Driver\src\stm32f4xx_spi.c 0x00000000   Number         0  stm32f4xx_spi.o ABSOLUTE
    ..\Libraries\STM32F4xx_StdPeriph_Driver\src\stm32f4xx_syscfg.c 0x00000000   Number         0  stm32f4xx_syscfg.o ABSOLUTE
    ..\Libraries\STM32F4xx_StdPeriph_Driver\src\stm32f4xx_tim.c 0x00000000   Number         0  stm32f4xx_tim.o ABSOLUTE
    ..\Libraries\STM32F4xx_StdPeriph_Driver\src\stm32f4xx_usart.c 0x00000000   Number         0  stm32f4xx_usart.o ABSOLUTE
    ..\Libraries\STM32F4xx_StdPeriph_Driver\src\stm32f4xx_wwdg.c 0x00000000   Number         0  stm32f4xx_wwdg.o ABSOLUTE
    ..\\Libraries\\STM32F4xx_StdPeriph_Driver\\src\\misc.c 0x00000000   Number         0  misc.o ABSOLUTE
    ..\\Libraries\\STM32F4xx_StdPeriph_Driver\\src\\stm32f4_discovery.c 0x00000000   Number         0  stm32f4_discovery.o ABSOLUTE
    ..\\Libraries\\STM32F4xx_StdPeriph_Driver\\src\\stm32f4xx_adc.c 0x00000000   Number         0  stm32f4xx_adc.o ABSOLUTE
    ..\\Libraries\\STM32F4xx_StdPeriph_Driver\\src\\stm32f4xx_can.c 0x00000000   Number         0  stm32f4xx_can.o ABSOLUTE
    ..\\Libraries\\STM32F4xx_StdPeriph_Driver\\src\\stm32f4xx_crc.c 0x00000000   Number         0  stm32f4xx_crc.o ABSOLUTE
    ..\\Libraries\\STM32F4xx_StdPeriph_Driver\\src\\stm32f4xx_cryp.c 0x00000000   Number         0  stm32f4xx_cryp.o ABSOLUTE
    ..\\Libraries\\STM32F4xx_StdPeriph_Driver\\src\\stm32f4xx_cryp_aes.c 0x00000000   Number         0  stm32f4xx_cryp_aes.o ABSOLUTE
    ..\\Libraries\\STM32F4xx_StdPeriph_Driver\\src\\stm32f4xx_cryp_des.c 0x00000000   Number         0  stm32f4xx_cryp_des.o ABSOLUTE
    ..\\Libraries\\STM32F4xx_StdPeriph_Driver\\src\\stm32f4xx_cryp_tdes.c 0x00000000   Number         0  stm32f4xx_cryp_tdes.o ABSOLUTE
    ..\\Libraries\\STM32F4xx_StdPeriph_Driver\\src\\stm32f4xx_dac.c 0x00000000   Number         0  stm32f4xx_dac.o ABSOLUTE
    ..\\Libraries\\STM32F4xx_StdPeriph_Driver\\src\\stm32f4xx_dbgmcu.c 0x00000000   Number         0  stm32f4xx_dbgmcu.o ABSOLUTE
    ..\\Libraries\\STM32F4xx_StdPeriph_Driver\\src\\stm32f4xx_dcmi.c 0x00000000   Number         0  stm32f4xx_dcmi.o ABSOLUTE
    ..\\Libraries\\STM32F4xx_StdPeriph_Driver\\src\\stm32f4xx_dma.c 0x00000000   Number         0  stm32f4xx_dma.o ABSOLUTE
    ..\\Libraries\\STM32F4xx_StdPeriph_Driver\\src\\stm32f4xx_exti.c 0x00000000   Number         0  stm32f4xx_exti.o ABSOLUTE
    ..\\Libraries\\STM32F4xx_StdPeriph_Driver\\src\\stm32f4xx_flash.c 0x00000000   Number         0  stm32f4xx_flash.o ABSOLUTE
    ..\\Libraries\\STM32F4xx_StdPeriph_Driver\\src\\stm32f4xx_fsmc.c 0x00000000   Number         0  stm32f4xx_fsmc.o ABSOLUTE
    ..\\Libraries\\STM32F4xx_StdPeriph_Driver\\src\\stm32f4xx_gpio.c 0x00000000   Number         0  stm32f4xx_gpio.o ABSOLUTE
    ..\\Libraries\\STM32F4xx_StdPeriph_Driver\\src\\stm32f4xx_hash.c 0x00000000   Number         0  stm32f4xx_hash.o ABSOLUTE
    ..\\Libraries\\STM32F4xx_StdPeriph_Driver\\src\\stm32f4xx_hash_md5.c 0x00000000   Number         0  stm32f4xx_hash_md5.o ABSOLUTE
    ..\\Libraries\\STM32F4xx_StdPeriph_Driver\\src\\stm32f4xx_hash_sha1.c 0x00000000   Number         0  stm32f4xx_hash_sha1.o ABSOLUTE
    ..\\Libraries\\STM32F4xx_StdPeriph_Driver\\src\\stm32f4xx_i2c.c 0x00000000   Number         0  stm32f4xx_i2c.o ABSOLUTE
    ..\\Libraries\\STM32F4xx_StdPeriph_Driver\\src\\stm32f4xx_iwdg.c 0x00000000   Number         0  stm32f4xx_iwdg.o ABSOLUTE
    ..\\Libraries\\STM32F4xx_StdPeriph_Driver\\src\\stm32f4xx_pwr.c 0x00000000   Number         0  stm32f4xx_pwr.o ABSOLUTE
    ..\\Libraries\\STM32F4xx_StdPeriph_Driver\\src\\stm32f4xx_rcc.c 0x00000000   Number         0  stm32f4xx_rcc.o ABSOLUTE
    ..\\Libraries\\STM32F4xx_StdPeriph_Driver\\src\\stm32f4xx_rng.c 0x00000000   Number         0  stm32f4xx_rng.o ABSOLUTE
    ..\\Libraries\\STM32F4xx_StdPeriph_Driver\\src\\stm32f4xx_rtc.c 0x00000000   Number         0  stm32f4xx_rtc.o ABSOLUTE
    ..\\Libraries\\STM32F4xx_StdPeriph_Driver\\src\\stm32f4xx_sdio.c 0x00000000   Number         0  stm32f4xx_sdio.o ABSOLUTE
    ..\\Libraries\\STM32F4xx_StdPeriph_Driver\\src\\stm32f4xx_spi.c 0x00000000   Number         0  stm32f4xx_spi.o ABSOLUTE
    ..\\Libraries\\STM32F4xx_StdPeriph_Driver\\src\\stm32f4xx_syscfg.c 0x00000000   Number         0  stm32f4xx_syscfg.o ABSOLUTE
    ..\\Libraries\\STM32F4xx_StdPeriph_Driver\\src\\stm32f4xx_tim.c 0x00000000   Number         0  stm32f4xx_tim.o ABSOLUTE
    ..\\Libraries\\STM32F4xx_StdPeriph_Driver\\src\\stm32f4xx_usart.c 0x00000000   Number         0  stm32f4xx_usart.o ABSOLUTE
    ..\\Libraries\\STM32F4xx_StdPeriph_Driver\\src\\stm32f4xx_wwdg.c 0x00000000   Number         0  stm32f4xx_wwdg.o ABSOLUTE
    ..\\src\\FreeRTOS\\croutine.c            0x00000000   Number         0  croutine.o ABSOLUTE
    ..\\src\\FreeRTOS\\list.c                0x00000000   Number         0  list.o ABSOLUTE
    ..\\src\\FreeRTOS\\portable\\MemMang\\heap_1.c 0x00000000   Number         0  heap_1.o ABSOLUTE
    ..\\src\\FreeRTOS\\portable\\keil\\ARM_CM4F\\port.c 0x00000000   Number         0  port.o ABSOLUTE
    ..\\src\\FreeRTOS\\queue.c               0x00000000   Number         0  queue.o ABSOLUTE
    ..\\src\\FreeRTOS\\tasks.c               0x00000000   Number         0  tasks.o ABSOLUTE
    ..\\src\\FreeRTOS\\timers.c              0x00000000   Number         0  timers.o ABSOLUTE
    ..\\src\\debug.c                         0x00000000   Number         0  debug.o ABSOLUTE
    ..\\src\\main.c                          0x00000000   Number         0  main.o ABSOLUTE
    ..\\src\\mems.c                          0x00000000   Number         0  mems.o ABSOLUTE
    ..\\src\\stm32f4_discovery_lis302dl.c    0x00000000   Number         0  stm32f4_discovery_lis302dl.o ABSOLUTE
    ..\\src\\stm32f4xx_it.c                  0x00000000   Number         0  stm32f4xx_it.o ABSOLUTE
    ..\\src\\system_stm32f4xx.c              0x00000000   Number         0  system_stm32f4xx.o ABSOLUTE
    ..\\src\\utils.c                         0x00000000   Number         0  utils.o ABSOLUTE
    ..\src\FreeRTOS\croutine.c               0x00000000   Number         0  croutine.o ABSOLUTE
    ..\src\FreeRTOS\list.c                   0x00000000   Number         0  list.o ABSOLUTE
    ..\src\FreeRTOS\portable\MemMang\heap_1.c 0x00000000   Number         0  heap_1.o ABSOLUTE
    ..\src\FreeRTOS\portable\keil\ARM_CM4F\port.c 0x00000000   Number         0  port.o ABSOLUTE
    ..\src\FreeRTOS\queue.c                  0x00000000   Number         0  queue.o ABSOLUTE
    ..\src\FreeRTOS\tasks.c                  0x00000000   Number         0  tasks.o ABSOLUTE
    ..\src\FreeRTOS\timers.c                 0x00000000   Number         0  timers.o ABSOLUTE
    ..\src\debug.c                           0x00000000   Number         0  debug.o ABSOLUTE
    ..\src\main.c                            0x00000000   Number         0  main.o ABSOLUTE
    ..\src\mems.c                            0x00000000   Number         0  mems.o ABSOLUTE
    ..\src\stm32f4_discovery_lis302dl.c      0x00000000   Number         0  stm32f4_discovery_lis302dl.o ABSOLUTE
    ..\src\stm32f4xx_it.c                    0x00000000   Number         0  stm32f4xx_it.o ABSOLUTE
    ..\src\system_stm32f4xx.c                0x00000000   Number         0  system_stm32f4xx.o ABSOLUTE
    ..\src\utils.c                           0x00000000   Number         0  utils.o ABSOLUTE
    cdrcmple.s                               0x00000000   Number         0  cdrcmple.o ABSOLUTE
    dc.s                                     0x00000000   Number         0  dc.o ABSOLUTE
    handlers.s                               0x00000000   Number         0  handlers.o ABSOLUTE
    init.s                                   0x00000000   Number         0  init.o ABSOLUTE
    startup_stm32f4xx.s                      0x00000000   Number         0  startup_stm32f4xx.o ABSOLUTE
    RESET                                    0x08000000   Section      392  startup_stm32f4xx.o(RESET)
    .ARM.Collect$$$$00000000                 0x08000188   Section        0  entry.o(.ARM.Collect$$$$00000000)
    .ARM.Collect$$$$00000001                 0x08000188   Section        4  entry2.o(.ARM.Collect$$$$00000001)
    .ARM.Collect$$$$00000004                 0x0800018c   Section        4  entry5.o(.ARM.Collect$$$$00000004)
    .ARM.Collect$$$$00000008                 0x08000190   Section        0  entry7b.o(.ARM.Collect$$$$00000008)
    .ARM.Collect$$$$0000000A                 0x08000190   Section        0  entry8b.o(.ARM.Collect$$$$0000000A)
    .ARM.Collect$$$$0000000B                 0x08000190   Section        8  entry9a.o(.ARM.Collect$$$$0000000B)
    .ARM.Collect$$$$0000000D                 0x08000198   Section        0  entry10a.o(.ARM.Collect$$$$0000000D)
    .ARM.Collect$$$$0000000F                 0x08000198   Section        0  entry11a.o(.ARM.Collect$$$$0000000F)
    .ARM.Collect$$$$00002712                 0x08000198   Section        4  entry2.o(.ARM.Collect$$$$00002712)
    __lit__00000000                          0x08000198   Data           4  entry2.o(.ARM.Collect$$$$00002712)
    .emb_text                                0x0800019c   Section      176  port.o(.emb_text)
    $v0                                      0x0800019c   Number         0  port.o(.emb_text)
    .text                                    0x0800024c   Section        0  debug.o(.text)
    .text                                    0x08000730   Section        0  main.o(.text)
    .text                                    0x080008bc   Section        0  mems.o(.text)
    .text                                    0x08000abc   Section        0  list.o(.text)
    .text                                    0x08000b48   Section        0  queue.o(.text)
    prvUnlockQueue                           0x08000bb3   Thumb Code   100  queue.o(.text)
    prvCopyDataToQueue                       0x08000c17   Thumb Code    90  queue.o(.text)
    prvCopyDataFromQueue                     0x08000ddd   Thumb Code    40  queue.o(.text)
    .text                                    0x08001150   Section        0  tasks.o(.text)
    prvAddCurrentTaskToDelayedList           0x0800147d   Thumb Code    48  tasks.o(.text)
    prvIdleTask                              0x08001797   Thumb Code    22  tasks.o(.text)
    prvListTaskWithinSingleList              0x0800182f   Thumb Code   114  tasks.o(.text)
    prvCheckTasksWaitingTermination          0x08001b55   Thumb Code    80  tasks.o(.text)
    .text                                    0x08001bac   Section        0  timers.o(.text)
    prvInsertTimerInActiveList               0x08001bad   Thumb Code    52  timers.o(.text)
    prvSampleTimeNow                         0x08001c23   Thumb Code    36  timers.o(.text)
    prvTimerTask                             0x08001c47   Thumb Code    30  timers.o(.text)
    prvCheckForValidListAndQueue             0x08001c65   Thumb Code    54  timers.o(.text)
    prvSwitchTimerLists                      0x08001d2b   Thumb Code    94  timers.o(.text)
    prvProcessReceivedCommands               0x08001d89   Thumb Code   160  timers.o(.text)
    prvProcessTimerOrBlockTask               0x08001e29   Thumb Code   136  timers.o(.text)
    .text                                    0x08001ec4   Section        0  port.o(.text)
    .text                                    0x08001f8c   Section        0  heap_1.o(.text)
    .text                                    0x08001fec   Section        0  misc.o(.text)
    .text                                    0x0800209c   Section        0  stm32f4xx_exti.o(.text)
    .text                                    0x08002184   Section        0  stm32f4xx_gpio.o(.text)
    .text                                    0x0800239c   Section        0  stm32f4xx_pwr.o(.text)
    .text                                    0x0800245c   Section        0  stm32f4xx_rcc.o(.text)
    .text                                    0x0800282c   Section        0  stm32f4xx_spi.o(.text)
    .text                                    0x08002b1c   Section        0  stm32f4xx_syscfg.o(.text)
    .text                                    0x08002b94   Section        0  stm32f4xx_usart.o(.text)
    .text                                    0x08002ecc   Section        0  stm32f4_discovery_lis302dl.o(.text)
    LIS302DL_SendByte                        0x08002ecd   Thumb Code    88  stm32f4_discovery_lis302dl.o(.text)
    LIS302DL_LowLevel_Init                   0x08002f65   Thumb Code   276  stm32f4_discovery_lis302dl.o(.text)
    .text                                    0x08003264   Section        0  stm32f4xx_it.o(.text)
    .text                                    0x08003288   Section        0  utils.o(.text)
    .text                                    0x080034a0   Section        0  system_stm32f4xx.o(.text)
    SetSysClock                              0x080034a1   Thumb Code   162  system_stm32f4xx.o(.text)
    .text                                    0x08003610   Section       52  startup_stm32f4xx.o(.text)
    $v0                                      0x08003610   Number         0  startup_stm32f4xx.o(.text)
    .text                                    0x08003644   Section        0  stm32f4_discovery.o(.text)
    .text                                    0x0800376c   Section        0  memcpya.o(.text)
    .text                                    0x08003790   Section        0  memseta.o(.text)
    .text                                    0x080037b4   Section        0  strcat.o(.text)
    .text                                    0x080037cc   Section        0  strncpy.o(.text)
    .text                                    0x080037e4   Section        0  uidiv.o(.text)
    .text                                    0x08003810   Section       36  init.o(.text)
    i.__0sprintf$3                           0x08003834   Section        0  printf3.o(i.__0sprintf$3)
    i.__scatterload_copy                     0x0800385c   Section       14  handlers.o(i.__scatterload_copy)
    i.__scatterload_null                     0x0800386a   Section        2  handlers.o(i.__scatterload_null)
    i.__scatterload_zeroinit                 0x0800386c   Section       14  handlers.o(i.__scatterload_zeroinit)
    i._printf_core                           0x0800387c   Section        0  printf3.o(i._printf_core)
    _printf_core                             0x0800387d   Thumb Code   436  printf3.o(i._printf_core)
    i._sputc                                 0x08003a34   Section        0  printf3.o(i._sputc)
    _sputc                                   0x08003a35   Thumb Code    10  printf3.o(i._sputc)
    .constdata                               0x08003a3e   Section      202  utils.o(.constdata)
    .constdata                               0x08003b08   Section       36  stm32f4_discovery.o(.constdata)
    .data                                    0x20000000   Section        4  debug.o(.data)
    .data                                    0x20000008   Section       24  main.o(.data)
    .data                                    0x20000020   Section       13  mems.o(.data)
    .data                                    0x20000030   Section       60  tasks.o(.data)
    uxTasksDeleted                           0x20000034   Data           4  tasks.o(.data)
    uxCurrentNumberOfTasks                   0x20000038   Data           4  tasks.o(.data)
    xTickCount                               0x2000003c   Data           4  tasks.o(.data)
    uxTopUsedPriority                        0x20000040   Data           4  tasks.o(.data)
    uxTopReadyPriority                       0x20000044   Data           4  tasks.o(.data)
    xSchedulerRunning                        0x20000048   Data           4  tasks.o(.data)
    uxSchedulerSuspended                     0x2000004c   Data           4  tasks.o(.data)
    uxMissedTicks                            0x20000050   Data           4  tasks.o(.data)
    xMissedYield                             0x20000054   Data           4  tasks.o(.data)
    xNumOfOverflows                          0x20000058   Data           4  tasks.o(.data)
    uxTCBNumber                              0x2000005c   Data           4  tasks.o(.data)
    xNextTaskUnblockTime                     0x20000060   Data           4  tasks.o(.data)
    pxDelayedTaskList                        0x20000064   Data           4  tasks.o(.data)
    pxOverflowDelayedTaskList                0x20000068   Data           4  tasks.o(.data)
    .data                                    0x2000006c   Section       16  timers.o(.data)
    xTimerQueue                              0x2000006c   Data           4  timers.o(.data)
    xLastTime                                0x20000070   Data           4  timers.o(.data)
    pxCurrentTimerList                       0x20000074   Data           4  timers.o(.data)
    pxOverflowTimerList                      0x20000078   Data           4  timers.o(.data)
    .data                                    0x2000007c   Section        4  port.o(.data)
    uxCriticalNesting                        0x2000007c   Data           4  port.o(.data)
    .data                                    0x20000080   Section        4  heap_1.o(.data)
    xNextFreeByte                            0x20000080   Data           4  heap_1.o(.data)
    .data                                    0x20000084   Section       16  stm32f4xx_rcc.o(.data)
    APBAHBPrescTable                         0x20000084   Data          16  stm32f4xx_rcc.o(.data)
    .data                                    0x20000094   Section        4  stm32f4_discovery_lis302dl.o(.data)
    .data                                    0x20000098   Section        2  stm32f4xx_it.o(.data)
    .data                                    0x2000009c   Section       20  system_stm32f4xx.o(.data)
    .data                                    0x200000b0   Section       20  stm32f4_discovery.o(.data)
    .bss                                     0x200000c4   Section       48  main.o(.bss)
    .bss                                     0x200000f4   Section       64  queue.o(.bss)
    .bss                                     0x20000134   Section      252  tasks.o(.bss)
    pcStatusString                           0x20000134   Data          50  tasks.o(.bss)
    pxReadyTasksLists                        0x20000168   Data         100  tasks.o(.bss)
    xDelayedTaskList1                        0x200001cc   Data          20  tasks.o(.bss)
    xDelayedTaskList2                        0x200001e0   Data          20  tasks.o(.bss)
    xPendingReadyList                        0x200001f4   Data          20  tasks.o(.bss)
    xTasksWaitingTermination                 0x20000208   Data          20  tasks.o(.bss)
    xSuspendedTaskList                       0x2000021c   Data          20  tasks.o(.bss)
    .bss                                     0x20000230   Section       40  timers.o(.bss)
    xActiveTimerList1                        0x20000230   Data          20  timers.o(.bss)
    xActiveTimerList2                        0x20000244   Data          20  timers.o(.bss)
    .bss                                     0x20000258   Section     5120  heap_1.o(.bss)
    xHeap                                    0x20000258   Data        5120  heap_1.o(.bss)
    STACK                                    0x20001658   Section     1024  startup_stm32f4xx.o(STACK)

    Global Symbols

    Symbol Name                              Value     Ov Type        Size  Object(Section)

    BuildAttributes$$THM_ISAv4$E$P$D$K$B$S$7EM$VFPi3$EXTD16$VFPS$VFMA$PE$A:L22UL41UL21$X:L11$S22US41US21$IEEE1$IW$USESV6$~STKCKD$USESV7$~SHL$OSPACE$ROPI$EBA8$MICROLIB$REQ8$PRES8$EABIv2 0x00000000   Number         0  anon$$obj.o ABSOLUTE
    __ARM_use_no_argv                        0x00000000   Number         0  main.o ABSOLUTE
    _printf_a                                0x00000000   Number         0  stubs.o ABSOLUTE
    _printf_c                                0x00000000   Number         0  stubs.o ABSOLUTE
    _printf_charcount                        0x00000000   Number         0  stubs.o ABSOLUTE
    _printf_d                                0x00000000   Number         0  stubs.o ABSOLUTE
    _printf_e                                0x00000000   Number         0  stubs.o ABSOLUTE
    _printf_f                                0x00000000   Number         0  stubs.o ABSOLUTE
    _printf_flags                            0x00000000   Number         0  stubs.o ABSOLUTE
    _printf_fp_dec                           0x00000000   Number         0  stubs.o ABSOLUTE
    _printf_fp_hex                           0x00000000   Number         0  stubs.o ABSOLUTE
    _printf_g                                0x00000000   Number         0  stubs.o ABSOLUTE
    _printf_i                                0x00000000   Number         0  stubs.o ABSOLUTE
    _printf_int_dec                          0x00000000   Number         0  stubs.o ABSOLUTE
    _printf_l                                0x00000000   Number         0  stubs.o ABSOLUTE
    _printf_lc                               0x00000000   Number         0  stubs.o ABSOLUTE
    _printf_ll                               0x00000000   Number         0  stubs.o ABSOLUTE
    _printf_lld                              0x00000000   Number         0  stubs.o ABSOLUTE
    _printf_lli                              0x00000000   Number         0  stubs.o ABSOLUTE
    _printf_llo                              0x00000000   Number         0  stubs.o ABSOLUTE
    _printf_llu                              0x00000000   Number         0  stubs.o ABSOLUTE
    _printf_llx                              0x00000000   Number         0  stubs.o ABSOLUTE
    _printf_longlong_dec                     0x00000000   Number         0  stubs.o ABSOLUTE
    _printf_longlong_hex                     0x00000000   Number         0  stubs.o ABSOLUTE
    _printf_longlong_oct                     0x00000000   Number         0  stubs.o ABSOLUTE
    _printf_ls                               0x00000000   Number         0  stubs.o ABSOLUTE
    _printf_mbtowc                           0x00000000   Number         0  stubs.o ABSOLUTE
    _printf_n                                0x00000000   Number         0  stubs.o ABSOLUTE
    _printf_o                                0x00000000   Number         0  stubs.o ABSOLUTE
    _printf_p                                0x00000000   Number         0  stubs.o ABSOLUTE
    _printf_percent                          0x00000000   Number         0  stubs.o ABSOLUTE
    _printf_pre_padding                      0x00000000   Number         0  stubs.o ABSOLUTE
    _printf_return_value                     0x00000000   Number         0  stubs.o ABSOLUTE
    _printf_s                                0x00000000   Number         0  stubs.o ABSOLUTE
    _printf_sizespec                         0x00000000   Number         0  stubs.o ABSOLUTE
    _printf_str                              0x00000000   Number         0  stubs.o ABSOLUTE
    _printf_truncate_signed                  0x00000000   Number         0  stubs.o ABSOLUTE
    _printf_truncate_unsigned                0x00000000   Number         0  stubs.o ABSOLUTE
    _printf_u                                0x00000000   Number         0  stubs.o ABSOLUTE
    _printf_wc                               0x00000000   Number         0  stubs.o ABSOLUTE
    _printf_wctomb                           0x00000000   Number         0  stubs.o ABSOLUTE
    _printf_widthprec                        0x00000000   Number         0  stubs.o ABSOLUTE
    _printf_x                                0x00000000   Number         0  stubs.o ABSOLUTE
    __cpp_initialize__aeabi_                  - Undefined Weak Reference
    __cxa_finalize                            - Undefined Weak Reference
    __decompress                              - Undefined Weak Reference
    _clock_init                               - Undefined Weak Reference
    _microlib_exit                            - Undefined Weak Reference
    __Vectors_Size                           0x00000188   Number         0  startup_stm32f4xx.o ABSOLUTE
    __Vectors                                0x08000000   Data           4  startup_stm32f4xx.o(RESET)
    __Vectors_End                            0x08000188   Data           0  startup_stm32f4xx.o(RESET)
    __main                                   0x08000189   Thumb Code     0  entry.o(.ARM.Collect$$$$00000000)
    _main_stk                                0x08000189   Thumb Code     0  entry2.o(.ARM.Collect$$$$00000001)
    _main_scatterload                        0x0800018d   Thumb Code     0  entry5.o(.ARM.Collect$$$$00000004)
    __main_after_scatterload                 0x08000191   Thumb Code     0  entry5.o(.ARM.Collect$$$$00000004)
    _main_clock                              0x08000191   Thumb Code     0  entry7b.o(.ARM.Collect$$$$00000008)
    _main_cpp_init                           0x08000191   Thumb Code     0  entry8b.o(.ARM.Collect$$$$0000000A)
    _main_init                               0x08000191   Thumb Code     0  entry9a.o(.ARM.Collect$$$$0000000B)
    __rt_final_cpp                           0x08000199   Thumb Code     0  entry10a.o(.ARM.Collect$$$$0000000D)
    __rt_final_exit                          0x08000199   Thumb Code     0  entry11a.o(.ARM.Collect$$$$0000000F)
    __asm___6_port_c_39a90d8d____REV16       0x0800019d   Thumb Code     4  port.o(.emb_text)
    __asm___6_port_c_39a90d8d____REVSH       0x080001a1   Thumb Code     4  port.o(.emb_text)
    SVC_Handler                              0x080001a5   Thumb Code    24  port.o(.emb_text)
    __asm___6_port_c_39a90d8d__prvStartFirstTask 0x080001c1   Thumb Code    16  port.o(.emb_text)
    __asm___6_port_c_39a90d8d__prvEnableVFP  0x080001d5   Thumb Code    16  port.o(.emb_text)
    PendSV_Handler                           0x080001e9   Thumb Code    76  port.o(.emb_text)
    vPortSetInterruptMask                    0x08000239   Thumb Code    10  port.o(.emb_text)
    vPortClearInterruptMask                  0x08000243   Thumb Code    10  port.o(.emb_text)
    vDebugInitQueue                          0x0800024d   Thumb Code    18  debug.o(.text)
    vDebugString                             0x0800025f   Thumb Code    42  debug.o(.text)
    vNum2String                              0x08000289   Thumb Code    66  debug.o(.text)
    vDebugPrintf                             0x080002cb   Thumb Code   254  debug.o(.text)
    vDebugTask                               0x080003c9   Thumb Code   158  debug.o(.text)
    vDebugPrintResetType                     0x08000467   Thumb Code   178  debug.o(.text)
    vled1                                    0x08000731   Thumb Code    16  main.o(.text)
    vled2                                    0x08000741   Thumb Code    16  main.o(.text)
    vled3                                    0x08000751   Thumb Code    16  main.o(.text)
    vled4                                    0x08000761   Thumb Code    16  main.o(.text)
    main                                     0x08000771   Thumb Code   172  main.o(.text)
    vTimeTask                                0x0800081d   Thumb Code    44  main.o(.text)
    vApplicationTickHook                     0x08000849   Thumb Code    18  main.o(.text)
    vApplicationIdleHook                     0x0800085b   Thumb Code    18  main.o(.text)
    vApplicationMallocFailedHook             0x0800086d   Thumb Code     6  main.o(.text)
    vMemsTask                                0x080008bd   Thumb Code   472  mems.o(.text)
    vSetMemsDump                             0x08000a95   Thumb Code     8  mems.o(.text)
    LIS302DL_TIMEOUT_UserCallback            0x08000a9d   Thumb Code     6  mems.o(.text)
    vListInitialise                          0x08000abd   Thumb Code    22  list.o(.text)
    vListInitialiseItem                      0x08000ad3   Thumb Code     6  list.o(.text)
    vListInsertEnd                           0x08000ad9   Thumb Code    28  list.o(.text)
    vListInsert                              0x08000af5   Thumb Code    48  list.o(.text)
    vListRemove                              0x08000b25   Thumb Code    36  list.o(.text)
    xQueueGenericCreate                      0x08000b49   Thumb Code   106  queue.o(.text)
    xQueueGenericSend                        0x08000c71   Thumb Code   232  queue.o(.text)
    xQueueCreateMutex                        0x08000d59   Thumb Code    80  queue.o(.text)
    xQueueGiveMutexRecursive                 0x08000da9   Thumb Code    52  queue.o(.text)
    xQueueGenericReceive                     0x08000e05   Thumb Code   288  queue.o(.text)
    xQueueTakeMutexRecursive                 0x08000f25   Thumb Code    58  queue.o(.text)
    xQueueCreateCountingSemaphore            0x08000f5f   Thumb Code    24  queue.o(.text)
    xQueueGenericSendFromISR                 0x08000f77   Thumb Code   112  queue.o(.text)
    xQueueReceiveFromISR                     0x08000fe7   Thumb Code   108  queue.o(.text)
    uxQueueMessagesWaiting                   0x08001053   Thumb Code    26  queue.o(.text)
    uxQueueMessagesWaitingFromISR            0x0800106d   Thumb Code    14  queue.o(.text)
    vQueueDelete                             0x0800107b   Thumb Code    56  queue.o(.text)
    ucQueueGetQueueNumber                    0x080010b3   Thumb Code     6  queue.o(.text)
    vQueueSetQueueNumber                     0x080010b9   Thumb Code     6  queue.o(.text)
    ucQueueGetQueueType                      0x080010bf   Thumb Code     6  queue.o(.text)
    xQueueIsQueueEmptyFromISR                0x080010c5   Thumb Code    22  queue.o(.text)
    xQueueIsQueueFullFromISR                 0x080010db   Thumb Code    26  queue.o(.text)
    vQueueAddToRegistry                      0x080010f5   Thumb Code    34  queue.o(.text)
    vQueueWaitForMessageRestricted           0x08001117   Thumb Code    54  queue.o(.text)
    xTaskGenericCreate                       0x08001151   Thumb Code   366  tasks.o(.text)
    vTaskDelete                              0x080012bf   Thumb Code    92  tasks.o(.text)
    vTaskIncrementTick                       0x0800131b   Thumb Code   180  tasks.o(.text)
    xTaskResumeAll                           0x080013cf   Thumb Code   174  tasks.o(.text)
    vTaskSuspendAll                          0x080014ad   Thumb Code    10  tasks.o(.text)
    vTaskDelayUntil                          0x080014b7   Thumb Code    92  tasks.o(.text)
    vTaskDelay                               0x08001513   Thumb Code    48  tasks.o(.text)
    uxTaskPriorityGet                        0x08001543   Thumb Code    24  tasks.o(.text)
    vTaskPrioritySet                         0x0800155b   Thumb Code   158  tasks.o(.text)
    vTaskSwitchContext                       0x080015f9   Thumb Code    78  tasks.o(.text)
    vTaskSuspend                             0x08001647   Thumb Code   100  tasks.o(.text)
    xTaskIsTaskSuspended                     0x080016ab   Thumb Code    42  tasks.o(.text)
    vTaskResume                              0x080016d5   Thumb Code    92  tasks.o(.text)
    xTaskResumeFromISR                       0x08001731   Thumb Code   102  tasks.o(.text)
    vTaskStartScheduler                      0x080017ad   Thumb Code    68  tasks.o(.text)
    vTaskEndScheduler                        0x080017f1   Thumb Code    20  tasks.o(.text)
    xTaskGetTickCount                        0x08001805   Thumb Code    18  tasks.o(.text)
    xTaskGetTickCountFromISR                 0x08001817   Thumb Code    18  tasks.o(.text)
    uxTaskGetNumberOfTasks                   0x08001829   Thumb Code     6  tasks.o(.text)
    vTaskList                                0x080018a1   Thumb Code   136  tasks.o(.text)
    vTaskPlaceOnEventList                    0x08001929   Thumb Code    60  tasks.o(.text)
    vTaskPlaceOnEventListRestricted          0x08001965   Thumb Code    40  tasks.o(.text)
    xTaskRemoveFromEventList                 0x0800198d   Thumb Code   132  tasks.o(.text)
    vTaskSetTimeOutState                     0x08001a11   Thumb Code    22  tasks.o(.text)
    xTaskCheckForTimeOut                     0x08001a27   Thumb Code    88  tasks.o(.text)
    vTaskMissedYield                         0x08001a7f   Thumb Code     8  tasks.o(.text)
    uxTaskGetTaskNumber                      0x08001a87   Thumb Code     8  tasks.o(.text)
    vTaskSetTaskNumber                       0x08001a8f   Thumb Code     8  tasks.o(.text)
    xTaskGetCurrentTaskHandle                0x08001a97   Thumb Code     6  tasks.o(.text)
    xTaskGetSchedulerState                   0x08001a9d   Thumb Code    22  tasks.o(.text)
    vTaskPriorityInherit                     0x08001ab3   Thumb Code    98  tasks.o(.text)
    vTaskPriorityDisinherit                  0x08001b15   Thumb Code    64  tasks.o(.text)
    xTimerGenericCommand                     0x08001be1   Thumb Code    66  timers.o(.text)
    xTimerCreateTimerTask                    0x08001c9b   Thumb Code    52  timers.o(.text)
    xTimerCreate                             0x08001ccf   Thumb Code    62  timers.o(.text)
    xTimerIsTimerActive                      0x08001d0d   Thumb Code    26  timers.o(.text)
    pvTimerGetTimerID                        0x08001d27   Thumb Code     4  timers.o(.text)
    pxPortInitialiseStack                    0x08001ec5   Thumb Code    36  port.o(.text)
    xPortStartScheduler                      0x08001ee9   Thumb Code    72  port.o(.text)
    vPortEndScheduler                        0x08001f31   Thumb Code     2  port.o(.text)
    vPortYieldFromISR                        0x08001f33   Thumb Code    12  port.o(.text)
    vPortEnterCritical                       0x08001f3f   Thumb Code    16  port.o(.text)
    vPortExitCritical                        0x08001f4f   Thumb Code    16  port.o(.text)
    SysTick_Handler                          0x08001f5f   Thumb Code    28  port.o(.text)
    pvPortMalloc                             0x08001f8d   Thumb Code    66  heap_1.o(.text)
    vPortFree                                0x08001fcf   Thumb Code     2  heap_1.o(.text)
    vPortInitialiseBlocks                    0x08001fd1   Thumb Code     8  heap_1.o(.text)
    xPortGetFreeHeapSize                     0x08001fd9   Thumb Code    10  heap_1.o(.text)
    NVIC_PriorityGroupConfig                 0x08001fed   Thumb Code    10  misc.o(.text)
    NVIC_Init                                0x08001ff7   Thumb Code    96  misc.o(.text)
    NVIC_SetVectorTable                      0x08002057   Thumb Code    14  misc.o(.text)
    NVIC_SystemLPConfig                      0x08002065   Thumb Code    20  misc.o(.text)
    SysTick_CLKSourceConfig                  0x08002079   Thumb Code    24  misc.o(.text)
    EXTI_DeInit                              0x0800209d   Thumb Code    28  stm32f4xx_exti.o(.text)
    EXTI_Init                                0x080020b9   Thumb Code   108  stm32f4xx_exti.o(.text)
    EXTI_StructInit                          0x08002125   Thumb Code    14  stm32f4xx_exti.o(.text)
    EXTI_GenerateSWInterrupt                 0x08002133   Thumb Code    12  stm32f4xx_exti.o(.text)
    EXTI_GetFlagStatus                       0x0800213f   Thumb Code    18  stm32f4xx_exti.o(.text)
    EXTI_ClearFlag                           0x08002151   Thumb Code     8  stm32f4xx_exti.o(.text)
    EXTI_GetITStatus                         0x08002159   Thumb Code    28  stm32f4xx_exti.o(.text)
    EXTI_ClearITPendingBit                   0x08002175   Thumb Code     8  stm32f4xx_exti.o(.text)
    GPIO_DeInit                              0x08002185   Thumb Code   192  stm32f4xx_gpio.o(.text)
    GPIO_Init                                0x08002245   Thumb Code   162  stm32f4xx_gpio.o(.text)
    GPIO_StructInit                          0x080022e7   Thumb Code    18  stm32f4xx_gpio.o(.text)
    GPIO_PinLockConfig                       0x080022f9   Thumb Code    24  stm32f4xx_gpio.o(.text)
    GPIO_ReadInputDataBit                    0x08002311   Thumb Code    14  stm32f4xx_gpio.o(.text)
    GPIO_ReadInputData                       0x0800231f   Thumb Code     6  stm32f4xx_gpio.o(.text)
    GPIO_ReadOutputDataBit                   0x08002325   Thumb Code    14  stm32f4xx_gpio.o(.text)
    GPIO_ReadOutputData                      0x08002333   Thumb Code     6  stm32f4xx_gpio.o(.text)
    GPIO_SetBits                             0x08002339   Thumb Code     4  stm32f4xx_gpio.o(.text)
    GPIO_ResetBits                           0x0800233d   Thumb Code     4  stm32f4xx_gpio.o(.text)
    GPIO_WriteBit                            0x08002341   Thumb Code    10  stm32f4xx_gpio.o(.text)
    GPIO_Write                               0x0800234b   Thumb Code     4  stm32f4xx_gpio.o(.text)
    GPIO_ToggleBits                          0x0800234f   Thumb Code     8  stm32f4xx_gpio.o(.text)
    GPIO_PinAFConfig                         0x08002357   Thumb Code    32  stm32f4xx_gpio.o(.text)
    PWR_DeInit                               0x0800239d   Thumb Code    24  stm32f4xx_pwr.o(.text)
    PWR_BackupAccessCmd                      0x080023b5   Thumb Code     6  stm32f4xx_pwr.o(.text)
    PWR_PVDLevelConfig                       0x080023bb   Thumb Code    14  stm32f4xx_pwr.o(.text)
    PWR_PVDCmd                               0x080023c9   Thumb Code     6  stm32f4xx_pwr.o(.text)
    PWR_WakeUpPinCmd                         0x080023cf   Thumb Code     8  stm32f4xx_pwr.o(.text)
    PWR_BackupRegulatorCmd                   0x080023d7   Thumb Code     8  stm32f4xx_pwr.o(.text)
    PWR_HighPerformanceModeCmd               0x080023df   Thumb Code     6  stm32f4xx_pwr.o(.text)
    PWR_FlashPowerDownCmd                    0x080023e5   Thumb Code     6  stm32f4xx_pwr.o(.text)
    PWR_EnterSTOPMode                        0x080023eb   Thumb Code    42  stm32f4xx_pwr.o(.text)
    PWR_EnterSTANDBYMode                     0x08002415   Thumb Code    32  stm32f4xx_pwr.o(.text)
    PWR_GetFlagStatus                        0x08002435   Thumb Code    16  stm32f4xx_pwr.o(.text)
    PWR_ClearFlag                            0x08002445   Thumb Code    12  stm32f4xx_pwr.o(.text)
    RCC_DeInit                               0x0800245d   Thumb Code    48  stm32f4xx_rcc.o(.text)
    RCC_HSEConfig                            0x0800248d   Thumb Code    12  stm32f4xx_rcc.o(.text)
    RCC_GetFlagStatus                        0x08002499   Thumb Code    46  stm32f4xx_rcc.o(.text)
    RCC_WaitForHSEStartUp                    0x080024c7   Thumb Code    44  stm32f4xx_rcc.o(.text)
    RCC_AdjustHSICalibrationValue            0x080024f3   Thumb Code    16  stm32f4xx_rcc.o(.text)
    RCC_HSICmd                               0x08002503   Thumb Code     6  stm32f4xx_rcc.o(.text)
    RCC_LSEConfig                            0x08002509   Thumb Code    24  stm32f4xx_rcc.o(.text)
    RCC_LSICmd                               0x08002521   Thumb Code     6  stm32f4xx_rcc.o(.text)
    RCC_PLLConfig                            0x08002527   Thumb Code    32  stm32f4xx_rcc.o(.text)
    RCC_PLLCmd                               0x08002547   Thumb Code     6  stm32f4xx_rcc.o(.text)
    RCC_PLLI2SConfig                         0x0800254d   Thumb Code    14  stm32f4xx_rcc.o(.text)
    RCC_PLLI2SCmd                            0x0800255b   Thumb Code     6  stm32f4xx_rcc.o(.text)
    RCC_ClockSecuritySystemCmd               0x08002561   Thumb Code     6  stm32f4xx_rcc.o(.text)
    RCC_MCO1Config                           0x08002567   Thumb Code    18  stm32f4xx_rcc.o(.text)
    RCC_MCO2Config                           0x08002579   Thumb Code    18  stm32f4xx_rcc.o(.text)
    RCC_SYSCLKConfig                         0x0800258b   Thumb Code    16  stm32f4xx_rcc.o(.text)
    RCC_GetSYSCLKSource                      0x0800259b   Thumb Code    12  stm32f4xx_rcc.o(.text)
    RCC_HCLKConfig                           0x080025a7   Thumb Code    16  stm32f4xx_rcc.o(.text)
    RCC_PCLK1Config                          0x080025b7   Thumb Code    16  stm32f4xx_rcc.o(.text)
    RCC_PCLK2Config                          0x080025c7   Thumb Code    18  stm32f4xx_rcc.o(.text)
    RCC_GetClocksFreq                        0x080025d9   Thumb Code   134  stm32f4xx_rcc.o(.text)
    RCC_RTCCLKConfig                         0x0800265f   Thumb Code    42  stm32f4xx_rcc.o(.text)
    RCC_RTCCLKCmd                            0x08002689   Thumb Code     8  stm32f4xx_rcc.o(.text)
    RCC_BackupResetCmd                       0x08002691   Thumb Code     8  stm32f4xx_rcc.o(.text)
    RCC_I2SCLKConfig                         0x08002699   Thumb Code     8  stm32f4xx_rcc.o(.text)
    RCC_AHB1PeriphClockCmd                   0x080026a1   Thumb Code    20  stm32f4xx_rcc.o(.text)
    RCC_AHB2PeriphClockCmd                   0x080026b5   Thumb Code    20  stm32f4xx_rcc.o(.text)
    RCC_AHB3PeriphClockCmd                   0x080026c9   Thumb Code    20  stm32f4xx_rcc.o(.text)
    RCC_APB1PeriphClockCmd                   0x080026dd   Thumb Code    20  stm32f4xx_rcc.o(.text)
    RCC_APB2PeriphClockCmd                   0x080026f1   Thumb Code    20  stm32f4xx_rcc.o(.text)
    RCC_AHB1PeriphResetCmd                   0x08002705   Thumb Code    20  stm32f4xx_rcc.o(.text)
    RCC_AHB2PeriphResetCmd                   0x08002719   Thumb Code    20  stm32f4xx_rcc.o(.text)
    RCC_AHB3PeriphResetCmd                   0x0800272d   Thumb Code    20  stm32f4xx_rcc.o(.text)
    RCC_APB1PeriphResetCmd                   0x08002741   Thumb Code    20  stm32f4xx_rcc.o(.text)
    RCC_APB2PeriphResetCmd                   0x08002755   Thumb Code    20  stm32f4xx_rcc.o(.text)
    RCC_AHB1PeriphClockLPModeCmd             0x08002769   Thumb Code    20  stm32f4xx_rcc.o(.text)
    RCC_AHB2PeriphClockLPModeCmd             0x0800277d   Thumb Code    20  stm32f4xx_rcc.o(.text)
    RCC_AHB3PeriphClockLPModeCmd             0x08002791   Thumb Code    20  stm32f4xx_rcc.o(.text)
    RCC_APB1PeriphClockLPModeCmd             0x080027a5   Thumb Code    20  stm32f4xx_rcc.o(.text)
    RCC_APB2PeriphClockLPModeCmd             0x080027b9   Thumb Code    20  stm32f4xx_rcc.o(.text)
    RCC_ITConfig                             0x080027cd   Thumb Code    20  stm32f4xx_rcc.o(.text)
    RCC_ClearFlag                            0x080027e1   Thumb Code    14  stm32f4xx_rcc.o(.text)
    RCC_GetITStatus                          0x080027ef   Thumb Code    18  stm32f4xx_rcc.o(.text)
    RCC_ClearITPendingBit                    0x08002801   Thumb Code     8  stm32f4xx_rcc.o(.text)
    SPI_I2S_DeInit                           0x0800282d   Thumb Code    72  stm32f4xx_spi.o(.text)
    SPI_Init                                 0x08002875   Thumb Code    56  stm32f4xx_spi.o(.text)
    I2S_Init                                 0x080028ad   Thumb Code   190  stm32f4xx_spi.o(.text)
    SPI_StructInit                           0x0800296b   Thumb Code    24  stm32f4xx_spi.o(.text)
    I2S_StructInit                           0x08002983   Thumb Code    18  stm32f4xx_spi.o(.text)
    SPI_Cmd                                  0x08002995   Thumb Code    20  stm32f4xx_spi.o(.text)
    I2S_Cmd                                  0x080029a9   Thumb Code    20  stm32f4xx_spi.o(.text)
    SPI_DataSizeConfig                       0x080029bd   Thumb Code    16  stm32f4xx_spi.o(.text)
    SPI_BiDirectionalLineConfig              0x080029cd   Thumb Code    22  stm32f4xx_spi.o(.text)
    SPI_NSSInternalSoftwareConfig            0x080029e3   Thumb Code    24  stm32f4xx_spi.o(.text)
    SPI_SSOutputCmd                          0x080029fb   Thumb Code    20  stm32f4xx_spi.o(.text)
    SPI_TIModeCmd                            0x08002a0f   Thumb Code    20  stm32f4xx_spi.o(.text)
    I2S_FullDuplexConfig                     0x08002a23   Thumb Code    58  stm32f4xx_spi.o(.text)
    SPI_I2S_ReceiveData                      0x08002a5d   Thumb Code     4  stm32f4xx_spi.o(.text)
    SPI_I2S_SendData                         0x08002a61   Thumb Code     4  stm32f4xx_spi.o(.text)
    SPI_CalculateCRC                         0x08002a65   Thumb Code    20  stm32f4xx_spi.o(.text)
    SPI_TransmitCRC                          0x08002a79   Thumb Code    10  stm32f4xx_spi.o(.text)
    SPI_GetCRC                               0x08002a83   Thumb Code    12  stm32f4xx_spi.o(.text)
    SPI_GetCRCPolynomial                     0x08002a8f   Thumb Code     4  stm32f4xx_spi.o(.text)
    SPI_I2S_DMACmd                           0x08002a93   Thumb Code    16  stm32f4xx_spi.o(.text)
    SPI_I2S_ITConfig                         0x08002aa3   Thumb Code    24  stm32f4xx_spi.o(.text)
    SPI_I2S_GetFlagStatus                    0x08002abb   Thumb Code    14  stm32f4xx_spi.o(.text)
    SPI_I2S_ClearFlag                        0x08002ac9   Thumb Code     6  stm32f4xx_spi.o(.text)
    SPI_I2S_GetITStatus                      0x08002acf   Thumb Code    42  stm32f4xx_spi.o(.text)
    SPI_I2S_ClearITPendingBit                0x08002af9   Thumb Code    14  stm32f4xx_spi.o(.text)
    SYSCFG_DeInit                            0x08002b1d   Thumb Code    24  stm32f4xx_syscfg.o(.text)
    SYSCFG_MemoryRemapConfig                 0x08002b35   Thumb Code     6  stm32f4xx_syscfg.o(.text)
    SYSCFG_EXTILineConfig                    0x08002b3b   Thumb Code    42  stm32f4xx_syscfg.o(.text)
    SYSCFG_ETH_MediaInterfaceConfig          0x08002b65   Thumb Code     8  stm32f4xx_syscfg.o(.text)
    SYSCFG_CompensationCellCmd               0x08002b6d   Thumb Code     6  stm32f4xx_syscfg.o(.text)
    SYSCFG_GetCompensationCellStatus         0x08002b73   Thumb Code    16  stm32f4xx_syscfg.o(.text)
    USART_DeInit                             0x08002b95   Thumb Code   114  stm32f4xx_usart.o(.text)
    USART_Init                               0x08002c07   Thumb Code   164  stm32f4xx_usart.o(.text)
    USART_StructInit                         0x08002cab   Thumb Code    22  stm32f4xx_usart.o(.text)
    USART_ClockInit                          0x08002cc1   Thumb Code    28  stm32f4xx_usart.o(.text)
    USART_ClockStructInit                    0x08002cdd   Thumb Code    12  stm32f4xx_usart.o(.text)
    USART_Cmd                                0x08002ce9   Thumb Code    20  stm32f4xx_usart.o(.text)
    USART_SetPrescaler                       0x08002cfd   Thumb Code    16  stm32f4xx_usart.o(.text)
    USART_OverSampling8Cmd                   0x08002d0d   Thumb Code    20  stm32f4xx_usart.o(.text)
    USART_OneBitMethodCmd                    0x08002d21   Thumb Code    20  stm32f4xx_usart.o(.text)
    USART_SendData                           0x08002d35   Thumb Code     8  stm32f4xx_usart.o(.text)
    USART_ReceiveData                        0x08002d3d   Thumb Code     8  stm32f4xx_usart.o(.text)
    USART_SetAddress                         0x08002d45   Thumb Code    16  stm32f4xx_usart.o(.text)
    USART_ReceiverWakeUpCmd                  0x08002d55   Thumb Code    20  stm32f4xx_usart.o(.text)
    USART_WakeUpConfig                       0x08002d69   Thumb Code    16  stm32f4xx_usart.o(.text)
    USART_LINBreakDetectLengthConfig         0x08002d79   Thumb Code    16  stm32f4xx_usart.o(.text)
    USART_LINCmd                             0x08002d89   Thumb Code    20  stm32f4xx_usart.o(.text)
    USART_SendBreak                          0x08002d9d   Thumb Code    10  stm32f4xx_usart.o(.text)
    USART_HalfDuplexCmd                      0x08002da7   Thumb Code    20  stm32f4xx_usart.o(.text)
    USART_SetGuardTime                       0x08002dbb   Thumb Code    16  stm32f4xx_usart.o(.text)
    USART_SmartCardCmd                       0x08002dcb   Thumb Code    20  stm32f4xx_usart.o(.text)
    USART_SmartCardNACKCmd                   0x08002ddf   Thumb Code    20  stm32f4xx_usart.o(.text)
    USART_IrDAConfig                         0x08002df3   Thumb Code    16  stm32f4xx_usart.o(.text)
    USART_IrDACmd                            0x08002e03   Thumb Code    20  stm32f4xx_usart.o(.text)
    USART_DMACmd                             0x08002e17   Thumb Code    16  stm32f4xx_usart.o(.text)
    USART_ITConfig                           0x08002e27   Thumb Code    48  stm32f4xx_usart.o(.text)
    USART_GetFlagStatus                      0x08002e57   Thumb Code    14  stm32f4xx_usart.o(.text)
    USART_ClearFlag                          0x08002e65   Thumb Code     6  stm32f4xx_usart.o(.text)
    USART_GetITStatus                        0x08002e6b   Thumb Code    62  stm32f4xx_usart.o(.text)
    USART_ClearITPendingBit                  0x08002ea9   Thumb Code    12  stm32f4xx_usart.o(.text)
    LIS302DL_Write                           0x08002f25   Thumb Code    64  stm32f4_discovery_lis302dl.o(.text)
    LIS302DL_Init                            0x08003079   Thumb Code    48  stm32f4_discovery_lis302dl.o(.text)
    LIS302DL_Read                            0x080030a9   Thumb Code    70  stm32f4_discovery_lis302dl.o(.text)
    LIS302DL_FilterConfig                    0x080030ef   Thumb Code    60  stm32f4_discovery_lis302dl.o(.text)
    LIS302DL_InterruptConfig                 0x0800312b   Thumb Code    46  stm32f4_discovery_lis302dl.o(.text)
    LIS302DL_LowpowerCmd                     0x08003159   Thumb Code    40  stm32f4_discovery_lis302dl.o(.text)
    LIS302DL_DataRateCmd                     0x08003181   Thumb Code    40  stm32f4_discovery_lis302dl.o(.text)
    LIS302DL_FullScaleCmd                    0x080031a9   Thumb Code    40  stm32f4_discovery_lis302dl.o(.text)
    LIS302DL_RebootCmd                       0x080031d1   Thumb Code    36  stm32f4_discovery_lis302dl.o(.text)
    LIS302DL_ReadACC                         0x080031f5   Thumb Code    96  stm32f4_discovery_lis302dl.o(.text)
    USART2_IRQHandler                        0x08003265   Thumb Code    16  stm32f4xx_it.o(.text)
    NMI_Handler                              0x08003275   Thumb Code     2  stm32f4xx_it.o(.text)
    HardFault_Handler                        0x08003277   Thumb Code     2  stm32f4xx_it.o(.text)
    MemManage_Handler                        0x08003279   Thumb Code     2  stm32f4xx_it.o(.text)
    BusFault_Handler                         0x0800327b   Thumb Code     2  stm32f4xx_it.o(.text)
    UsageFault_Handler                       0x0800327d   Thumb Code     2  stm32f4xx_it.o(.text)
    DebugMon_Handler                         0x0800327f   Thumb Code     2  stm32f4xx_it.o(.text)
    ptopwm                                   0x08003289   Thumb Code    14  utils.o(.text)
    vUSART2_Init                             0x08003297   Thumb Code   148  utils.o(.text)
    TIM4_Config                              0x0800332b   Thumb Code   100  utils.o(.text)
    TIM3_Config                              0x0800338f   Thumb Code   132  utils.o(.text)
    HwInit                                   0x08003413   Thumb Code    82  utils.o(.text)
    TIM_SetDuty                              0x08003465   Thumb Code    26  utils.o(.text)
    SystemInit                               0x08003543   Thumb Code    62  system_stm32f4xx.o(.text)
    SystemCoreClockUpdate                    0x08003581   Thumb Code   108  system_stm32f4xx.o(.text)
    Reset_Handler                            0x08003611   Thumb Code    18  startup_stm32f4xx.o(.text)
    ADC_IRQHandler                           0x08003635   Thumb Code     0  startup_stm32f4xx.o(.text)
    CAN1_RX0_IRQHandler                      0x08003635   Thumb Code     0  startup_stm32f4xx.o(.text)
    CAN1_RX1_IRQHandler                      0x08003635   Thumb Code     0  startup_stm32f4xx.o(.text)
    CAN1_SCE_IRQHandler                      0x08003635   Thumb Code     0  startup_stm32f4xx.o(.text)
    CAN1_TX_IRQHandler                       0x08003635   Thumb Code     0  startup_stm32f4xx.o(.text)
    CAN2_RX0_IRQHandler                      0x08003635   Thumb Code     0  startup_stm32f4xx.o(.text)
    CAN2_RX1_IRQHandler                      0x08003635   Thumb Code     0  startup_stm32f4xx.o(.text)
    CAN2_SCE_IRQHandler                      0x08003635   Thumb Code     0  startup_stm32f4xx.o(.text)
    CAN2_TX_IRQHandler                       0x08003635   Thumb Code     0  startup_stm32f4xx.o(.text)
    CRYP_IRQHandler                          0x08003635   Thumb Code     0  startup_stm32f4xx.o(.text)
    DCMI_IRQHandler                          0x08003635   Thumb Code     0  startup_stm32f4xx.o(.text)
    DMA1_Stream0_IRQHandler                  0x08003635   Thumb Code     0  startup_stm32f4xx.o(.text)
    DMA1_Stream1_IRQHandler                  0x08003635   Thumb Code     0  startup_stm32f4xx.o(.text)
    DMA1_Stream2_IRQHandler                  0x08003635   Thumb Code     0  startup_stm32f4xx.o(.text)
    DMA1_Stream3_IRQHandler                  0x08003635   Thumb Code     0  startup_stm32f4xx.o(.text)
    DMA1_Stream4_IRQHandler                  0x08003635   Thumb Code     0  startup_stm32f4xx.o(.text)
    DMA1_Stream5_IRQHandler                  0x08003635   Thumb Code     0  startup_stm32f4xx.o(.text)
    DMA1_Stream6_IRQHandler                  0x08003635   Thumb Code     0  startup_stm32f4xx.o(.text)
    DMA1_Stream7_IRQHandler                  0x08003635   Thumb Code     0  startup_stm32f4xx.o(.text)
    DMA2_Stream0_IRQHandler                  0x08003635   Thumb Code     0  startup_stm32f4xx.o(.text)
    DMA2_Stream1_IRQHandler                  0x08003635   Thumb Code     0  startup_stm32f4xx.o(.text)
    DMA2_Stream2_IRQHandler                  0x08003635   Thumb Code     0  startup_stm32f4xx.o(.text)
    DMA2_Stream3_IRQHandler                  0x08003635   Thumb Code     0  startup_stm32f4xx.o(.text)
    DMA2_Stream4_IRQHandler                  0x08003635   Thumb Code     0  startup_stm32f4xx.o(.text)
    DMA2_Stream5_IRQHandler                  0x08003635   Thumb Code     0  startup_stm32f4xx.o(.text)
    DMA2_Stream6_IRQHandler                  0x08003635   Thumb Code     0  startup_stm32f4xx.o(.text)
    DMA2_Stream7_IRQHandler                  0x08003635   Thumb Code     0  startup_stm32f4xx.o(.text)
    ETH_IRQHandler                           0x08003635   Thumb Code     0  startup_stm32f4xx.o(.text)
    ETH_WKUP_IRQHandler                      0x08003635   Thumb Code     0  startup_stm32f4xx.o(.text)
    EXTI0_IRQHandler                         0x08003635   Thumb Code     0  startup_stm32f4xx.o(.text)
    EXTI15_10_IRQHandler                     0x08003635   Thumb Code     0  startup_stm32f4xx.o(.text)
    EXTI1_IRQHandler                         0x08003635   Thumb Code     0  startup_stm32f4xx.o(.text)
    EXTI2_IRQHandler                         0x08003635   Thumb Code     0  startup_stm32f4xx.o(.text)
    EXTI3_IRQHandler                         0x08003635   Thumb Code     0  startup_stm32f4xx.o(.text)
    EXTI4_IRQHandler                         0x08003635   Thumb Code     0  startup_stm32f4xx.o(.text)
    EXTI9_5_IRQHandler                       0x08003635   Thumb Code     0  startup_stm32f4xx.o(.text)
    FLASH_IRQHandler                         0x08003635   Thumb Code     0  startup_stm32f4xx.o(.text)
    FPU_IRQHandler                           0x08003635   Thumb Code     0  startup_stm32f4xx.o(.text)
    FSMC_IRQHandler                          0x08003635   Thumb Code     0  startup_stm32f4xx.o(.text)
    HASH_RNG_IRQHandler                      0x08003635   Thumb Code     0  startup_stm32f4xx.o(.text)
    I2C1_ER_IRQHandler                       0x08003635   Thumb Code     0  startup_stm32f4xx.o(.text)
    I2C1_EV_IRQHandler                       0x08003635   Thumb Code     0  startup_stm32f4xx.o(.text)
    I2C2_ER_IRQHandler                       0x08003635   Thumb Code     0  startup_stm32f4xx.o(.text)
    I2C2_EV_IRQHandler                       0x08003635   Thumb Code     0  startup_stm32f4xx.o(.text)
    I2C3_ER_IRQHandler                       0x08003635   Thumb Code     0  startup_stm32f4xx.o(.text)
    I2C3_EV_IRQHandler                       0x08003635   Thumb Code     0  startup_stm32f4xx.o(.text)
    OTG_FS_IRQHandler                        0x08003635   Thumb Code     0  startup_stm32f4xx.o(.text)
    OTG_FS_WKUP_IRQHandler                   0x08003635   Thumb Code     0  startup_stm32f4xx.o(.text)
    OTG_HS_EP1_IN_IRQHandler                 0x08003635   Thumb Code     0  startup_stm32f4xx.o(.text)
    OTG_HS_EP1_OUT_IRQHandler                0x08003635   Thumb Code     0  startup_stm32f4xx.o(.text)
    OTG_HS_IRQHandler                        0x08003635   Thumb Code     0  startup_stm32f4xx.o(.text)
    OTG_HS_WKUP_IRQHandler                   0x08003635   Thumb Code     0  startup_stm32f4xx.o(.text)
    PVD_IRQHandler                           0x08003635   Thumb Code     0  startup_stm32f4xx.o(.text)
    RCC_IRQHandler                           0x08003635   Thumb Code     0  startup_stm32f4xx.o(.text)
    RTC_Alarm_IRQHandler                     0x08003635   Thumb Code     0  startup_stm32f4xx.o(.text)
    RTC_WKUP_IRQHandler                      0x08003635   Thumb Code     0  startup_stm32f4xx.o(.text)
    SDIO_IRQHandler                          0x08003635   Thumb Code     0  startup_stm32f4xx.o(.text)
    SPI1_IRQHandler                          0x08003635   Thumb Code     0  startup_stm32f4xx.o(.text)
    SPI2_IRQHandler                          0x08003635   Thumb Code     0  startup_stm32f4xx.o(.text)
    SPI3_IRQHandler                          0x08003635   Thumb Code     0  startup_stm32f4xx.o(.text)
    TAMP_STAMP_IRQHandler                    0x08003635   Thumb Code     0  startup_stm32f4xx.o(.text)
    TIM1_BRK_TIM9_IRQHandler                 0x08003635   Thumb Code     0  startup_stm32f4xx.o(.text)
    TIM1_CC_IRQHandler                       0x08003635   Thumb Code     0  startup_stm32f4xx.o(.text)
    TIM1_TRG_COM_TIM11_IRQHandler            0x08003635   Thumb Code     0  startup_stm32f4xx.o(.text)
    TIM1_UP_TIM10_IRQHandler                 0x08003635   Thumb Code     0  startup_stm32f4xx.o(.text)
    TIM2_IRQHandler                          0x08003635   Thumb Code     0  startup_stm32f4xx.o(.text)
    TIM3_IRQHandler                          0x08003635   Thumb Code     0  startup_stm32f4xx.o(.text)
    TIM4_IRQHandler                          0x08003635   Thumb Code     0  startup_stm32f4xx.o(.text)
    TIM5_IRQHandler                          0x08003635   Thumb Code     0  startup_stm32f4xx.o(.text)
    TIM6_DAC_IRQHandler                      0x08003635   Thumb Code     0  startup_stm32f4xx.o(.text)
    TIM7_IRQHandler                          0x08003635   Thumb Code     0  startup_stm32f4xx.o(.text)
    TIM8_BRK_TIM12_IRQHandler                0x08003635   Thumb Code     0  startup_stm32f4xx.o(.text)
    TIM8_CC_IRQHandler                       0x08003635   Thumb Code     0  startup_stm32f4xx.o(.text)
    TIM8_TRG_COM_TIM14_IRQHandler            0x08003635   Thumb Code     0  startup_stm32f4xx.o(.text)
    TIM8_UP_TIM13_IRQHandler                 0x08003635   Thumb Code     0  startup_stm32f4xx.o(.text)
    UART4_IRQHandler                         0x08003635   Thumb Code     0  startup_stm32f4xx.o(.text)
    UART5_IRQHandler                         0x08003635   Thumb Code     0  startup_stm32f4xx.o(.text)
    USART1_IRQHandler                        0x08003635   Thumb Code     0  startup_stm32f4xx.o(.text)
    USART3_IRQHandler                        0x08003635   Thumb Code     0  startup_stm32f4xx.o(.text)
    USART6_IRQHandler                        0x08003635   Thumb Code     0  startup_stm32f4xx.o(.text)
    WWDG_IRQHandler                          0x08003635   Thumb Code     0  startup_stm32f4xx.o(.text)
    STM_EVAL_LEDInit                         0x08003645   Thumb Code    62  stm32f4_discovery.o(.text)
    STM_EVAL_LEDOn                           0x08003683   Thumb Code    18  stm32f4_discovery.o(.text)
    STM_EVAL_LEDOff                          0x08003695   Thumb Code    18  stm32f4_discovery.o(.text)
    STM_EVAL_LEDToggle                       0x080036a7   Thumb Code    22  stm32f4_discovery.o(.text)
    STM_EVAL_PBInit                          0x080036bd   Thumb Code   148  stm32f4_discovery.o(.text)
    STM_EVAL_PBGetState                      0x08003751   Thumb Code    20  stm32f4_discovery.o(.text)
    __aeabi_memcpy                           0x0800376d   Thumb Code    36  memcpya.o(.text)
    __aeabi_memcpy4                          0x0800376d   Thumb Code     0  memcpya.o(.text)
    __aeabi_memcpy8                          0x0800376d   Thumb Code     0  memcpya.o(.text)
    __aeabi_memset                           0x08003791   Thumb Code    14  memseta.o(.text)
    __aeabi_memset4                          0x08003791   Thumb Code     0  memseta.o(.text)
    __aeabi_memset8                          0x08003791   Thumb Code     0  memseta.o(.text)
    __aeabi_memclr                           0x0800379f   Thumb Code     4  memseta.o(.text)
    __aeabi_memclr4                          0x0800379f   Thumb Code     0  memseta.o(.text)
    __aeabi_memclr8                          0x0800379f   Thumb Code     0  memseta.o(.text)
    _memset$wrapper                          0x080037a3   Thumb Code    18  memseta.o(.text)
    strcat                                   0x080037b5   Thumb Code    24  strcat.o(.text)
    strncpy                                  0x080037cd   Thumb Code    24  strncpy.o(.text)
    __aeabi_uidiv                            0x080037e5   Thumb Code     0  uidiv.o(.text)
    __aeabi_uidivmod                         0x080037e5   Thumb Code    44  uidiv.o(.text)
    __scatterload                            0x08003811   Thumb Code    28  init.o(.text)
    __scatterload_rt2                        0x08003811   Thumb Code     0  init.o(.text)
    __0sprintf$3                             0x08003835   Thumb Code    34  printf3.o(i.__0sprintf$3)
    __1sprintf$3                             0x08003835   Thumb Code     0  printf3.o(i.__0sprintf$3)
    __2sprintf                               0x08003835   Thumb Code     0  printf3.o(i.__0sprintf$3)
    __scatterload_copy                       0x0800385d   Thumb Code    14  handlers.o(i.__scatterload_copy)
    __scatterload_null                       0x0800386b   Thumb Code     2  handlers.o(i.__scatterload_null)
    __scatterload_zeroinit                   0x0800386d   Thumb Code    14  handlers.o(i.__scatterload_zeroinit)
    uc16PercentToPWM                         0x08003a3e   Data         202  utils.o(.constdata)
    BUTTON_PORT_SOURCE                       0x08003b08   Data           1  stm32f4_discovery.o(.constdata)
    BUTTON_PIN_SOURCE                        0x08003b09   Data           1  stm32f4_discovery.o(.constdata)
    BUTTON_IRQn                              0x08003b0a   Data           1  stm32f4_discovery.o(.constdata)
    BUTTON_PIN                               0x08003b0c   Data           2  stm32f4_discovery.o(.constdata)
    BUTTON_EXTI_LINE                         0x08003b0e   Data           2  stm32f4_discovery.o(.constdata)
    BUTTON_CLK                               0x08003b10   Data           4  stm32f4_discovery.o(.constdata)
    GPIO_PIN                                 0x08003b14   Data           8  stm32f4_discovery.o(.constdata)
    GPIO_CLK                                 0x08003b1c   Data          16  stm32f4_discovery.o(.constdata)
    Region$$Table$$Base                      0x08003b2c   Number         0  anon$$obj.o(Region$$Table)
    Region$$Table$$Limit                     0x08003b4c   Number         0  anon$$obj.o(Region$$Table)
    xDebugQueue                              0x20000000   Data           4  debug.o(.data)
    u64Ticks                                 0x20000008   Data           8  main.o(.data)
    u64IdleTicks                             0x20000010   Data           8  main.o(.data)
    u64IdleTicksCnt                          0x20000018   Data           8  main.o(.data)
    fMems_Debug                              0x20000020   Data           1  mems.o(.data)
    accel                                    0x20000021   Data           6  mems.o(.data)
    s8buff                                   0x20000027   Data           6  mems.o(.data)
    pxCurrentTCB                             0x20000030   Data           4  tasks.o(.data)
    LIS302DLTimeout                          0x20000094   Data           4  stm32f4_discovery_lis302dl.o(.data)
    uart2_cnt                                0x20000098   Data           2  stm32f4xx_it.o(.data)
    SystemCoreClock                          0x2000009c   Data           4  system_stm32f4xx.o(.data)
    AHBPrescTable                            0x200000a0   Data          16  system_stm32f4xx.o(.data)
    BUTTON_PORT                              0x200000b0   Data           4  stm32f4_discovery.o(.data)
    GPIO_PORT                                0x200000b4   Data          16  stm32f4_discovery.o(.data)
    hLEDTask                                 0x200000c4   Data          16  main.o(.bss)
    parameters                               0x200000d4   Data          32  main.o(.bss)
    xQueueRegistry                           0x200000f4   Data          64  queue.o(.bss)
    __initial_sp                             0x20001a58   Data           0  startup_stm32f4xx.o(STACK)



==============================================================================

Memory Map of the image

  Image Entry point : 0x08003611

  Load Region LR_1 (Base: 0x08000000, Size: 0x00003c10, Max: 0xffffffff, ABSOLUTE)

    Execution Region ER_RO (Base: 0x08000000, Size: 0x00003b4c, Max: 0xffffffff, ABSOLUTE)

    Base Addr    Size         Type   Attr      Idx    E Section Name        Object

    0x08000000   0x00000188   Data   RO         1004    RESET               startup_stm32f4xx.o
    0x08000188   0x00000000   Code   RO         1030  * .ARM.Collect$$$$00000000  mc_w.l(entry.o)
    0x08000188   0x00000004   Code   RO         1304    .ARM.Collect$$$$00000001  mc_w.l(entry2.o)
    0x0800018c   0x00000004   Code   RO         1307    .ARM.Collect$$$$00000004  mc_w.l(entry5.o)
    0x08000190   0x00000000   Code   RO         1309    .ARM.Collect$$$$00000008  mc_w.l(entry7b.o)
    0x08000190   0x00000000   Code   RO         1311    .ARM.Collect$$$$0000000A  mc_w.l(entry8b.o)
    0x08000190   0x00000008   Code   RO         1312    .ARM.Collect$$$$0000000B  mc_w.l(entry9a.o)
    0x08000198   0x00000000   Code   RO         1314    .ARM.Collect$$$$0000000D  mc_w.l(entry10a.o)
    0x08000198   0x00000000   Code   RO         1316    .ARM.Collect$$$$0000000F  mc_w.l(entry11a.o)
    0x08000198   0x00000004   Code   RO         1305    .ARM.Collect$$$$00002712  mc_w.l(entry2.o)
    0x0800019c   0x000000b0   Code   RO          352    .emb_text           port.o
    0x0800024c   0x000004e4   Code   RO            2    .text               debug.o
    0x08000730   0x0000018c   Code   RO          181    .text               main.o
    0x080008bc   0x00000200   Code   RO          205    .text               mems.o
    0x08000abc   0x0000008c   Code   RO          250    .text               list.o
    0x08000b48   0x00000608   Code   RO          272    .text               queue.o
    0x08001150   0x00000a5c   Code   RO          294    .text               tasks.o
    0x08001bac   0x00000318   Code   RO          334    .text               timers.o
    0x08001ec4   0x000000c8   Code   RO          353    .text               port.o
    0x08001f8c   0x00000060   Code   RO          371    .text               heap_1.o
    0x08001fec   0x000000b0   Code   RO          390    .text               misc.o
    0x0800209c   0x000000e8   Code   RO          582    .text               stm32f4xx_exti.o
    0x08002184   0x00000218   Code   RO          631    .text               stm32f4xx_gpio.o
    0x0800239c   0x000000c0   Code   RO          727    .text               stm32f4xx_pwr.o
    0x0800245c   0x000003d0   Code   RO          743    .text               stm32f4xx_rcc.o
    0x0800282c   0x000002f0   Code   RO          810    .text               stm32f4xx_spi.o
    0x08002b1c   0x00000078   Code   RO          826    .text               stm32f4xx_syscfg.o
    0x08002b94   0x00000338   Code   RO          859    .text               stm32f4xx_usart.o
    0x08002ecc   0x00000398   Code   RO          891    .text               stm32f4_discovery_lis302dl.o
    0x08003264   0x00000024   Code   RO          910    .text               stm32f4xx_it.o
    0x08003288   0x00000218   Code   RO          953    .text               utils.o
    0x080034a0   0x00000170   Code   RO          981    .text               system_stm32f4xx.o
    0x08003610   0x00000034   Code   RO         1005  * .text               startup_stm32f4xx.o
    0x08003644   0x00000128   Code   RO         1010    .text               stm32f4_discovery.o
    0x0800376c   0x00000024   Code   RO         1033    .text               mc_w.l(memcpya.o)
    0x08003790   0x00000024   Code   RO         1035    .text               mc_w.l(memseta.o)
    0x080037b4   0x00000018   Code   RO         1037    .text               mc_w.l(strcat.o)
    0x080037cc   0x00000018   Code   RO         1039    .text               mc_w.l(strncpy.o)
    0x080037e4   0x0000002c   Code   RO         1321    .text               mc_w.l(uidiv.o)
    0x08003810   0x00000024   Code   RO         1336    .text               mc_w.l(init.o)
    0x08003834   0x00000028   Code   RO         1134    i.__0sprintf$3      mc_w.l(printf3.o)
    0x0800385c   0x0000000e   Code   RO         1350    i.__scatterload_copy  mc_w.l(handlers.o)
    0x0800386a   0x00000002   Code   RO         1351    i.__scatterload_null  mc_w.l(handlers.o)
    0x0800386c   0x0000000e   Code   RO         1352    i.__scatterload_zeroinit  mc_w.l(handlers.o)
    0x0800387a   0x00000002   PAD
    0x0800387c   0x000001b8   Code   RO         1139    i._printf_core      mc_w.l(printf3.o)
    0x08003a34   0x0000000a   Code   RO         1141    i._sputc            mc_w.l(printf3.o)
    0x08003a3e   0x000000ca   Data   RO          955    .constdata          utils.o
    0x08003b08   0x00000024   Data   RO         1011    .constdata          stm32f4_discovery.o
    0x08003b2c   0x00000020   Data   RO         1348    Region$$Table       anon$$obj.o


    Execution Region ER_RW (Base: 0x20000000, Size: 0x000000c4, Max: 0xffffffff, ABSOLUTE)

    Base Addr    Size         Type   Attr      Idx    E Section Name        Object

    0x20000000   0x00000004   Data   RW            3    .data               debug.o
    0x20000004   0x00000004   PAD
    0x20000008   0x00000018   Data   RW          183    .data               main.o
    0x20000020   0x0000000d   Data   RW          206    .data               mems.o
    0x2000002d   0x00000003   PAD
    0x20000030   0x0000003c   Data   RW          296    .data               tasks.o
    0x2000006c   0x00000010   Data   RW          336    .data               timers.o
    0x2000007c   0x00000004   Data   RW          354    .data               port.o
    0x20000080   0x00000004   Data   RW          373    .data               heap_1.o
    0x20000084   0x00000010   Data   RW          744    .data               stm32f4xx_rcc.o
    0x20000094   0x00000004   Data   RW          892    .data               stm32f4_discovery_lis302dl.o
    0x20000098   0x00000002   Data   RW          911    .data               stm32f4xx_it.o
    0x2000009a   0x00000002   PAD
    0x2000009c   0x00000014   Data   RW          982    .data               system_stm32f4xx.o
    0x200000b0   0x00000014   Data   RW         1012    .data               stm32f4_discovery.o


    Execution Region ER_ZI (Base: 0x200000c4, Size: 0x00001994, Max: 0xffffffff, ABSOLUTE)

    Base Addr    Size         Type   Attr      Idx    E Section Name        Object

    0x200000c4   0x00000030   Zero   RW          182    .bss                main.o
    0x200000f4   0x00000040   Zero   RW          273    .bss                queue.o
    0x20000134   0x000000fc   Zero   RW          295    .bss                tasks.o
    0x20000230   0x00000028   Zero   RW          335    .bss                timers.o
    0x20000258   0x00001400   Zero   RW          372    .bss                heap_1.o
    0x20001658   0x00000400   Zero   RW         1002    STACK               startup_stm32f4xx.o


==============================================================================

Image component sizes


      Code (inc. data)   RO Data    RW Data    ZI Data      Debug   Object Name

      1252        536          0          4          0     280939   debug.o
        96         10          0          4       5120       2140   heap_1.o
       140          0          0          0          0       3441   list.o
       396         74          0         24         48       3259   main.o
       512         26          0         13          0       7690   mems.o
       176         12          0          0          0       2085   misc.o
       376         34          0          4          0       4397   port.o
      1544          4          0          0         64      10941   queue.o
        52         14        392          0       1024        856   startup_stm32f4xx.o
       296          8         36         20          0       3194   stm32f4_discovery.o
       920         16          0          4          0       4294   stm32f4_discovery_lis302dl.o
       232          8          0          0          0       2607   stm32f4xx_exti.o
       536         38          0          0          0       4465   stm32f4xx_gpio.o
        36          8          0          2          0       1457   stm32f4xx_it.o
       192         12          0          0          0       2583   stm32f4xx_pwr.o
       976         36          0         16          0      11075   stm32f4xx_rcc.o
       752         22          0          0          0       7113   stm32f4xx_spi.o
       120         18          0          0          0       1787   stm32f4xx_syscfg.o
       824         24          0          0          0       8020   stm32f4xx_usart.o
       368         36          0         20          0       2071   system_stm32f4xx.o
      2652         62          0         60        252      17863   tasks.o
       792         20          0         16         40       6084   timers.o
       536         34        202          0          0      21412   utils.o

    ----------------------------------------------------------------------
     13776       1052        662        196       6548     409773   Object Totals
         0          0         32          0          0          0   (incl. Generated)
         0          0          0          9          0          0   (incl. Padding)

    ----------------------------------------------------------------------

      Code (inc. data)   RO Data    RW Data    ZI Data      Debug   Library Member Name

         0          0          0          0          0          0   entry.o
         0          0          0          0          0          0   entry10a.o
         0          0          0          0          0          0   entry11a.o
         8          4          0          0          0          0   entry2.o
         4          0          0          0          0          0   entry5.o
         0          0          0          0          0          0   entry7b.o
         0          0          0          0          0          0   entry8b.o
         8          4          0          0          0          0   entry9a.o
        30          0          0          0          0          0   handlers.o
        36          8          0          0          0         68   init.o
        36          0          0          0          0         68   memcpya.o
        36          0          0          0          0        108   memseta.o
       490         10          0          0          0        252   printf3.o
        24          0          0          0          0         68   strcat.o
        24          0          0          0          0         76   strncpy.o
        44          0          0          0          0         80   uidiv.o

    ----------------------------------------------------------------------
       742         26          0          0          0        720   Library Totals
         2          0          0          0          0          0   (incl. Padding)

    ----------------------------------------------------------------------

      Code (inc. data)   RO Data    RW Data    ZI Data      Debug   Library Name

       740         26          0          0          0        720   mc_w.l

    ----------------------------------------------------------------------
       742         26          0          0          0        720   Library Totals

    ----------------------------------------------------------------------

==============================================================================


      Code (inc. data)   RO Data    RW Data    ZI Data      Debug   

     14518       1078        662        196       6548     404085   Grand Totals
     14518       1078        662        196       6548     404085   ELF Image Totals
     14518       1078        662        196          0          0   ROM Totals

==============================================================================

    Total RO  Size (Code + RO Data)                15180 (  14.82kB)
    Total RW  Size (RW Data + ZI Data)              6744 (   6.59kB)
    Total ROM Size (Code + RO Data + RW Data)      15376 (  15.02kB)

==============================================================================

